Component: ARM Compiler 5.05 update 1 (build 106) Tool: armlink [4d0efa]

==============================================================================

Section Cross References

    startup_stm32c011xx.o(STACK) refers (Special) to heapauxi.o(.text) for __use_two_region_memory
    startup_stm32c011xx.o(HEAP) refers (Special) to heapauxi.o(.text) for __use_two_region_memory
    startup_stm32c011xx.o(RESET) refers (Special) to heapauxi.o(.text) for __use_two_region_memory
    startup_stm32c011xx.o(RESET) refers to startup_stm32c011xx.o(STACK) for __initial_sp
    startup_stm32c011xx.o(RESET) refers to startup_stm32c011xx.o(.text) for Reset_Handler
    startup_stm32c011xx.o(RESET) refers to stm32c0xx_it.o(i.NMI_Handler) for NMI_Handler
    startup_stm32c011xx.o(RESET) refers to stm32c0xx_it.o(i.HardFault_Handler) for HardFault_Handler
    startup_stm32c011xx.o(RESET) refers to stm32c0xx_it.o(i.SVC_Handler) for SVC_Handler
    startup_stm32c011xx.o(RESET) refers to stm32c0xx_it.o(i.PendSV_Handler) for PendSV_Handler
    startup_stm32c011xx.o(RESET) refers to stm32c0xx_it.o(i.SysTick_Handler) for SysTick_Handler
    startup_stm32c011xx.o(RESET) refers to stm32c0xx_it.o(i.EXTI4_15_IRQHandler) for EXTI4_15_IRQHandler
    startup_stm32c011xx.o(RESET) refers to stm32c0xx_it.o(i.TIM3_IRQHandler) for TIM3_IRQHandler
    startup_stm32c011xx.o(RESET) refers to stm32c0xx_it.o(i.TIM14_IRQHandler) for TIM14_IRQHandler
    startup_stm32c011xx.o(RESET) refers to stm32c0xx_it.o(i.I2C1_IRQHandler) for I2C1_IRQHandler
    startup_stm32c011xx.o(.text) refers (Special) to heapauxi.o(.text) for __use_two_region_memory
    startup_stm32c011xx.o(.text) refers to system_stm32c0xx.o(i.SystemInit) for SystemInit
    startup_stm32c011xx.o(.text) refers to __main.o(!!!main) for __main
    startup_stm32c011xx.o(.text) refers to startup_stm32c011xx.o(HEAP) for Heap_Mem
    startup_stm32c011xx.o(.text) refers to startup_stm32c011xx.o(STACK) for Stack_Mem
    iousart.o(i.HAL_GPIO_EXTI_Falling_Callback) refers to iousart.o(i.iouart1_RXD) for iouart1_RXD
    iousart.o(i.HAL_GPIO_EXTI_Falling_Callback) refers to stm32c0xx_hal_tim.o(i.HAL_TIM_Base_Start_IT) for HAL_TIM_Base_Start_IT
    iousart.o(i.HAL_GPIO_EXTI_Falling_Callback) refers to iousart.o(.data) for .data
    iousart.o(i.HAL_GPIO_EXTI_Falling_Callback) refers to main.o(.bss) for htim3
    iousart.o(i.HAL_TIM_PeriodElapsedCallback) refers to iousart.o(i.iouart1_RXD) for iouart1_RXD
    iousart.o(i.HAL_TIM_PeriodElapsedCallback) refers to stm32c0xx_hal_tim.o(i.HAL_TIM_Base_Stop_IT) for HAL_TIM_Base_Stop_IT
    iousart.o(i.HAL_TIM_PeriodElapsedCallback) refers to main.o(.bss) for htim3
    iousart.o(i.HAL_TIM_PeriodElapsedCallback) refers to iousart.o(.data) for .data
    iousart.o(i.HAL_TIM_PeriodElapsedCallback) refers to main.o(.data) for re_index
    iousart.o(i.iouart1_RXD) refers to stm32c0xx_hal_gpio.o(i.HAL_GPIO_ReadPin) for HAL_GPIO_ReadPin
    iousart.o(i.iouart1_SendByte) refers to iousart.o(i.iouart1_TXD) for iouart1_TXD
    iousart.o(i.iouart1_SendByte) refers to iousart.o(i.iouart1_delayUs) for iouart1_delayUs
    iousart.o(i.iouart1_TXD) refers to stm32c0xx_hal_gpio.o(i.HAL_GPIO_WritePin) for HAL_GPIO_WritePin
    iousart.o(i.iouart1_delayUs) refers to main.o(.bss) for htim1
    ads1220.o(i.ADPowerDown) refers to stm32c0xx_hal_gpio.o(i.HAL_GPIO_WritePin) for HAL_GPIO_WritePin
    ads1220.o(i.ADPowerDown) refers to ads1220.o(i.WriteOneByte) for WriteOneByte
    ads1220.o(i.ADReset) refers to stm32c0xx_hal_gpio.o(i.HAL_GPIO_WritePin) for HAL_GPIO_WritePin
    ads1220.o(i.ADReset) refers to ads1220.o(i.WriteOneByte) for WriteOneByte
    ads1220.o(i.ADS1220_Init) refers to stm32c0xx_hal_gpio.o(i.HAL_GPIO_WritePin) for HAL_GPIO_WritePin
    ads1220.o(i.ADS1220_Init) refers to ads1220.o(i.ADReset) for ADReset
    ads1220.o(i.ADS1220_Init) refers to ads1220.o(i.CofigAD) for CofigAD
    ads1220.o(i.ADS1220_Init) refers to ads1220.o(i.ADStartConversion) for ADStartConversion
    ads1220.o(i.ADStartConversion) refers to stm32c0xx_hal_gpio.o(i.HAL_GPIO_WritePin) for HAL_GPIO_WritePin
    ads1220.o(i.ADStartConversion) refers to ads1220.o(i.WriteOneByte) for WriteOneByte
    ads1220.o(i.CofigAD) refers to ads1220.o(i.__ARM_common_switch8) for __ARM_common_switch8
    ads1220.o(i.CofigAD) refers to ads1220.o(i.WriteRegister) for WriteRegister
    ads1220.o(i.CofigAD) refers to ads1220.o(i.ReadRegister) for ReadRegister
    ads1220.o(i.CofigAD) refers to ads1220.o(.data) for .data
    ads1220.o(i.GetAD) refers to stm32c0xx_hal_gpio.o(i.HAL_GPIO_ReadPin) for HAL_GPIO_ReadPin
    ads1220.o(i.GetAD) refers to ads1220.o(i.ReadData) for ReadData
    ads1220.o(i.GetAD) refers to ads1220.o(i.ADPowerDown) for ADPowerDown
    ads1220.o(i.GetAD) refers to ads1220.o(.data) for .data
    ads1220.o(i.ReadData) refers to stm32c0xx_hal_gpio.o(i.HAL_GPIO_WritePin) for HAL_GPIO_WritePin
    ads1220.o(i.ReadData) refers to ads1220.o(i.WriteOneByte) for WriteOneByte
[...]
    I2C_Flush_TXDR                           0x080030f1   Thumb Code    34  stm32c0xx_hal_i2c.o(i.I2C_Flush_TXDR)
    i.I2C_ITAddrCplt                         0x08003112   Section        0  stm32c0xx_hal_i2c.o(i.I2C_ITAddrCplt)
    I2C_ITAddrCplt                           0x08003113   Thumb Code   124  stm32c0xx_hal_i2c.o(i.I2C_ITAddrCplt)
    i.I2C_ITError                            0x08003190   Section        0  stm32c0xx_hal_i2c.o(i.I2C_ITError)
    I2C_ITError                              0x08003191   Thumb Code   258  stm32c0xx_hal_i2c.o(i.I2C_ITError)
    i.I2C_ITListenCplt                       0x080032a4   Section        0  stm32c0xx_hal_i2c.o(i.I2C_ITListenCplt)
    I2C_ITListenCplt                         0x080032a5   Thumb Code    92  stm32c0xx_hal_i2c.o(i.I2C_ITListenCplt)
    i.I2C_ITMasterCplt                       0x08003308   Section        0  stm32c0xx_hal_i2c.o(i.I2C_ITMasterCplt)
    I2C_ITMasterCplt                         0x08003309   Thumb Code   208  stm32c0xx_hal_i2c.o(i.I2C_ITMasterCplt)
    i.I2C_ITMasterSeqCplt                    0x080033e0   Section        0  stm32c0xx_hal_i2c.o(i.I2C_ITMasterSeqCplt)
    I2C_ITMasterSeqCplt                      0x080033e1   Thumb Code    70  stm32c0xx_hal_i2c.o(i.I2C_ITMasterSeqCplt)
    i.I2C_ITSlaveCplt                        0x08003428   Section        0  stm32c0xx_hal_i2c.o(i.I2C_ITSlaveCplt)
    I2C_ITSlaveCplt                          0x08003429   Thumb Code   320  stm32c0xx_hal_i2c.o(i.I2C_ITSlaveCplt)
    i.I2C_ITSlaveSeqCplt                     0x08003574   Section        0  stm32c0xx_hal_i2c.o(i.I2C_ITSlaveSeqCplt)
    I2C_ITSlaveSeqCplt                       0x08003575   Thumb Code   106  stm32c0xx_hal_i2c.o(i.I2C_ITSlaveSeqCplt)
    i.I2C_Master_ISR_DMA                     0x080035e0   Section        0  stm32c0xx_hal_i2c.o(i.I2C_Master_ISR_DMA)
    I2C_Master_ISR_DMA                       0x080035e1   Thumb Code   260  stm32c0xx_hal_i2c.o(i.I2C_Master_ISR_DMA)
    i.I2C_Mem_ISR_DMA                        0x080036ec   Section        0  stm32c0xx_hal_i2c.o(i.I2C_Mem_ISR_DMA)
    I2C_Mem_ISR_DMA                          0x080036ed   Thumb Code   288  stm32c0xx_hal_i2c.o(i.I2C_Mem_ISR_DMA)
    i.I2C_Slave_ISR_DMA                      0x08003814   Section        0  stm32c0xx_hal_i2c.o(i.I2C_Slave_ISR_DMA)
    I2C_Slave_ISR_DMA                        0x08003815   Thumb Code   274  stm32c0xx_hal_i2c.o(i.I2C_Slave_ISR_DMA)
    i.I2C_Slave_ISR_IT                       0x08003928   Section        0  stm32c0xx_hal_i2c.o(i.I2C_Slave_ISR_IT)
    I2C_Slave_ISR_IT                         0x08003929   Thumb Code   294  stm32c0xx_hal_i2c.o(i.I2C_Slave_ISR_IT)
    i.I2C_TransferConfig                     0x08003a58   Section        0  stm32c0xx_hal_i2c.o(i.I2C_TransferConfig)
    I2C_TransferConfig                       0x08003a59   Thumb Code    38  stm32c0xx_hal_i2c.o(i.I2C_TransferConfig)
    i.I2C_TreatErrorCallback                 0x08003a84   Section        0  stm32c0xx_hal_i2c.o(i.I2C_TreatErrorCallback)
    I2C_TreatErrorCallback                   0x08003a85   Thumb Code    38  stm32c0xx_hal_i2c.o(i.I2C_TreatErrorCallback)
    i.MX_GPIO_Init                           0x08003aac   Section        0  main.o(i.MX_GPIO_Init)
    MX_GPIO_Init                             0x08003aad   Thumb Code   130  main.o(i.MX_GPIO_Init)
    i.MX_I2C1_Init                           0x08003b3c   Section        0  main.o(i.MX_I2C1_Init)
    MX_I2C1_Init                             0x08003b3d   Thumb Code    78  main.o(i.MX_I2C1_Init)
    i.MX_TIM1_Init                           0x08003b98   Section        0  main.o(i.MX_TIM1_Init)
    MX_TIM1_Init                             0x08003b99   Thumb Code   102  main.o(i.MX_TIM1_Init)
    i.MX_TIM3_Init                           0x08003c0c   Section        0  main.o(i.MX_TIM3_Init)
    MX_TIM3_Init                             0x08003c0d   Thumb Code    98  main.o(i.MX_TIM3_Init)
    i.NMI_Handler                            0x08003c78   Section        0  stm32c0xx_it.o(i.NMI_Handler)
    i.PendSV_Handler                         0x08003c7a   Section        0  stm32c0xx_it.o(i.PendSV_Handler)
    i.Pressure_advance                       0x08003c7c   Section        0  main.o(i.Pressure_advance)
    i.ReadData                               0x08003cf8   Section        0  ads1220.o(i.ReadData)
    i.ReadOneByte                            0x08003d34   Section        0  ads1220.o(i.ReadOneByte)
    i.ReadRegister                           0x08003d7a   Section        0  ads1220.o(i.ReadRegister)
    i.SVC_Handler                            0x08003daa   Section        0  stm32c0xx_it.o(i.SVC_Handler)
    i.SysTick_Handler                        0x08003dac   Section        0  stm32c0xx_it.o(i.SysTick_Handler)
    i.SystemClock_Config                     0x08003db4   Section        0  main.o(i.SystemClock_Config)
    i.SystemInit                             0x08003e08   Section        0  system_stm32c0xx.o(i.SystemInit)
    i.TIM14_IRQHandler                       0x08003e18   Section        0  stm32c0xx_it.o(i.TIM14_IRQHandler)
    i.TIM3_IRQHandler                        0x08003e28   Section        0  stm32c0xx_it.o(i.TIM3_IRQHandler)
    i.TIM_Base_SetConfig                     0x08003e38   Section        0  stm32c0xx_hal_tim.o(i.TIM_Base_SetConfig)
    i.TIM_ETR_SetConfig                      0x08003eb4   Section        0  stm32c0xx_hal_tim.o(i.TIM_ETR_SetConfig)
    i.TIM_ITRx_SetConfig                     0x08003ecc   Section        0  stm32c0xx_hal_tim.o(i.TIM_ITRx_SetConfig)
    TIM_ITRx_SetConfig                       0x08003ecd   Thumb Code    16  stm32c0xx_hal_tim.o(i.TIM_ITRx_SetConfig)
    i.TIM_TI1_ConfigInputStage               0x08003ee0   Section        0  stm32c0xx_hal_tim.o(i.TIM_TI1_ConfigInputStage)
    TIM_TI1_ConfigInputStage                 0x08003ee1   Thumb Code    34  stm32c0xx_hal_tim.o(i.TIM_TI1_ConfigInputStage)
    i.TIM_TI2_ConfigInputStage               0x08003f02   Section        0  stm32c0xx_hal_tim.o(i.TIM_TI2_ConfigInputStage)
    TIM_TI2_ConfigInputStage                 0x08003f03   Thumb Code    38  stm32c0xx_hal_tim.o(i.TIM_TI2_ConfigInputStage)
    i.USART2_printf                          0x08003f28   Section        0  main.o(i.USART2_printf)
    i.WriteOneByte                           0x08003f68   Section        0  ads1220.o(i.WriteOneByte)
    i.WriteRegister                          0x08003fa6   Section        0  ads1220.o(i.WriteRegister)
    i.__ARM_common_ll_muluu                  0x08003fee   Section        0  btod.o(i.__ARM_common_ll_muluu)
    i.__ARM_common_switch8                   0x0800401e   Section        0  ads1220.o(i.__ARM_common_switch8)
    i.__ARM_fpclassify                       0x08004038   Section        0  fpclassify.o(i.__ARM_fpclassify)
    i.__NVIC_SetPriority                     0x08004064   Section        0  stm32c0xx_hal_cortex.o(i.__NVIC_SetPriority)
    __NVIC_SetPriority                       0x08004065   Thumb Code    60  stm32c0xx_hal_cortex.o(i.__NVIC_SetPriority)
    i._is_digit                              0x080040a8   Section        0  __printf_wp.o(i._is_digit)
    i.find_normal                            0x080040b8   Section        0  pa.o(i.find_normal)
    i.find_normal_endstop                    0x08004148   Section        0  main.o(i.find_normal_endstop)
    i.get_ix                                 0x08004210   Section        0  main.o(i.get_ix)
    i.get_low_value                          0x0800421c   Section        0  pa.o(i.get_low_value)
    i.has_plus                               0x0800454c   Section        0  pa.o(i.has_plus)
    i.iouart1_RXD                            0x080045b8   Section        0  iousart.o(i.iouart1_RXD)
    i.iouart1_SendByte                       0x080045c8   Section        0  iousart.o(i.iouart1_SendByte)
    i.iouart1_TXD                            0x0800460a   Section        0  iousart.o(i.iouart1_TXD)
    i.iouart1_delayUs                        0x08004628   Section        0  iousart.o(i.iouart1_delayUs)
    i.main                                   0x08004660   Section        0  main.o(i.main)
    i.process_cmd                            0x080047dc   Section        0  main.o(i.process_cmd)
    i.process_triggered                      0x080048d4   Section        0  main.o(i.process_triggered)
    i.set_open                               0x08004974   Section        0  main.o(i.set_open)
    i.set_trigered                           0x080049c4   Section        0  main.o(i.set_trigered)
    locale$$code                             0x08004a30   Section       44  lc_numeric_c.o(locale$$code)
    locale$$code                             0x08004a5c   Section       44  lc_ctype_c.o(locale$$code)
    x$fpl$printf1                            0x08004a88   Section       16  printf1.o(x$fpl$printf1)
    x$fpl$printf2                            0x08004a98   Section       16  printf2.o(x$fpl$printf2)
    .constdata                               0x08004aa8   Section       64  system_stm32c0xx.o(.constdata)
    x$fpl$usenofp                            0x08004aa8   Section        0  usenofp.o(x$fpl$usenofp)
    .constdata                               0x08004ae8   Section       17  __printf_flags_ss_wp.o(.constdata)
    maptable                                 0x08004ae8   Data          17  __printf_flags_ss_wp.o(.constdata)
    .constdata                               0x08004afc   Section        8  _printf_wctomb.o(.constdata)
    initial_mbstate                          0x08004afc   Data           8  _printf_wctomb.o(.constdata)
    .constdata                               0x08004b04   Section       40  _printf_hex_int_ll_ptr.o(.constdata)
    uc_hextab                                0x08004b04   Data          20  _printf_hex_int_ll_ptr.o(.constdata)
    lc_hextab                                0x08004b18   Data          20  _printf_hex_int_ll_ptr.o(.constdata)
    .constdata                               0x08004b2c   Section       38  _printf_fp_hex.o(.constdata)
    lc_hextab                                0x08004b2c   Data          19  _printf_fp_hex.o(.constdata)
    uc_hextab                                0x08004b3f   Data          19  _printf_fp_hex.o(.constdata)
    .constdata                               0x08004b54   Section      148  bigflt0.o(.constdata)
    tenpwrs_x                                0x08004b54   Data          60  bigflt0.o(.constdata)
    tenpwrs_i                                0x08004b90   Data          64  bigflt0.o(.constdata)
    locale$$data                             0x08004c08   Section       28  lc_numeric_c.o(locale$$data)
    __lcnum_c_name                           0x08004c0c   Data           2  lc_numeric_c.o(locale$$data)
    __lcnum_c_start                          0x08004c14   Data           0  lc_numeric_c.o(locale$$data)
    __lcnum_c_point                          0x08004c20   Data           0  lc_numeric_c.o(locale$$data)
    __lcnum_c_thousands                      0x08004c22   Data           0  lc_numeric_c.o(locale$$data)
    __lcnum_c_grouping                       0x08004c23   Data           0  lc_numeric_c.o(locale$$data)
    locale$$data                             0x08004c24   Section      272  lc_ctype_c.o(locale$$data)
    __lcnum_c_end                            0x08004c24   Data           0  lc_numeric_c.o(locale$$data)
    __lcctype_c_name                         0x08004c28   Data           2  lc_ctype_c.o(locale$$data)
    __lcctype_c_start                        0x08004c30   Data           0  lc_ctype_c.o(locale$$data)
    __lcctype_c_end                          0x08004d34   Data           0  lc_ctype_c.o(locale$$data)
    .data                                    0x20000000   Section        2  iousart.o(.data)
    .data                                    0x20000002   Section        5  ads1220.o(.data)
    .data                                    0x20000008   Section       36  main.o(.data)
    first_byte_state                         0x2000000a   Data           1  main.o(.data)
    .data                                    0x2000002c   Section       56  pa.o(.data)
    .data                                    0x20000064   Section       12  stm32c0xx_hal.o(.data)
    .data                                    0x20000070   Section        4  system_stm32c0xx.o(.data)
    .bss                                     0x20000074   Section     3760  main.o(.bss)
    .bss                                     0x20000f24   Section      512  pa.o(.bss)
    .bss                                     0x20001124   Section       24  stm32c0xx_hal_flash.o(.bss)
    .bss                                     0x2000113c   Section       96  libspace.o(.bss)
    HEAP                                     0x200011a0   Section      512  startup_stm32c011xx.o(HEAP)
    Heap_Mem                                 0x200011a0   Data         512  startup_stm32c011xx.o(HEAP)
    STACK                                    0x200013a0   Section     1024  startup_stm32c011xx.o(STACK)
    Stack_Mem                                0x200013a0   Data        1024  startup_stm32c011xx.o(STACK)
    __initial_sp                             0x200017a0   Data           0  startup_stm32c011xx.o(STACK)

    Global Symbols

    Symbol Name                              Value     Ov Type        Size  Object(Section)

    BuildAttributes$$THM_ISAv3M$S$PE$A:L22$X:L11$S22$IEEE1$IW$USESV6$~STKCKD$USESV7$~SHL$OTIME$ROPI$IEEEJ$EBA8$UX$STANDARDLIB$REQ8$PRES8$EABIv2 0x00000000   Number         0  anon$$obj.o ABSOLUTE
    __ARM_use_no_argv                        0x00000000   Number         0  main.o ABSOLUTE
    _printf_flags                            0x00000000   Number         0  printf_stubs.o ABSOLUTE
    _printf_return_value                     0x00000000   Number         0  printf_stubs.o ABSOLUTE
    _printf_sizespec                         0x00000000   Number         0  printf_stubs.o ABSOLUTE
    _printf_widthprec                        0x00000000   Number         0  printf_stubs.o ABSOLUTE
    __ARM_exceptions_init                     - Undefined Weak Reference
    __alloca_initialize                       - Undefined Weak Reference
    __arm_preinit_                            - Undefined Weak Reference
    __cpp_initialize__aeabi_                  - Undefined Weak Reference
    __cxa_finalize                            - Undefined Weak Reference
    __sigvec_lookup                           - Undefined Weak Reference
    _atexit_init                              - Undefined Weak Reference
    _call_atexit_fns                          - Undefined Weak Reference
    _clock_init                               - Undefined Weak Reference
    _fp_trap_init                             - Undefined Weak Reference
    _fp_trap_shutdown                         - Undefined Weak Reference
    _get_lc_collate                           - Undefined Weak Reference
    _get_lc_monetary                          - Undefined Weak Reference
    _get_lc_time                              - Undefined Weak Reference
    _getenv_init                              - Undefined Weak Reference
    _handle_redirection                       - Undefined Weak Reference
    _init_alloc                               - Undefined Weak Reference
    _init_user_alloc                          - Undefined Weak Reference
    _initio                                   - Undefined Weak Reference
    _printf_mbtowc                            - Undefined Weak Reference
    _printf_wc                                - Undefined Weak Reference
    _rand_init                                - Undefined Weak Reference
    _signal_finish                            - Undefined Weak Reference
    _signal_init                              - Undefined Weak Reference
    _terminate_alloc                          - Undefined Weak Reference
    _terminate_user_alloc                     - Undefined Weak Reference
    _terminateio                              - Undefined Weak Reference
    __Vectors_Size                           0x000000c0   Number         0  startup_stm32c011xx.o ABSOLUTE
    __Vectors                                0x08000000   Data           4  startup_stm32c011xx.o(RESET)
    __Vectors_End                            0x080000c0   Data           0  startup_stm32c011xx.o(RESET)
    __main                                   0x080000c1   Thumb Code     8  __main.o(!!!main)
    __scatterload                            0x080000c9   Thumb Code     0  __scatter.o(!!!scatter)
    __scatterload_rt2                        0x080000c9   Thumb Code    52  __scatter.o(!!!scatter)
    __scatterload_rt2_thumb_only             0x080000c9   Thumb Code     0  __scatter.o(!!!scatter)
    __scatterload_null                       0x080000d9   Thumb Code     0  __scatter.o(!!!scatter)
    __scatterload_copy                       0x08000105   Thumb Code    26  __scatter_copy.o(!!handler_copy)
    __scatterload_zeroinit                   0x08000121   Thumb Code    28  __scatter_zi.o(!!handler_zi)
    _printf_percent                          0x0800013d   Thumb Code     0  _printf_percent.o(.ARM.Collect$$_printf_percent$$00000000)
    _printf_n                                0x0800013f   Thumb Code     0  _printf_n.o(.ARM.Collect$$_printf_percent$$00000001)
    _printf_p                                0x08000149   Thumb Code     0  _printf_p.o(.ARM.Collect$$_printf_percent$$00000002)
    _printf_f                                0x08000153   Thumb Code     0  _printf_f.o(.ARM.Collect$$_printf_percent$$00000003)
    _printf_e                                0x0800015d   Thumb Code     0  _printf_e.o(.ARM.Collect$$_printf_percent$$00000004)
    _printf_g                                0x08000167   Thumb Code     0  _printf_g.o(.ARM.Collect$$_printf_percent$$00000005)
    _printf_a                                0x08000171   Thumb Code     0  _printf_a.o(.ARM.Collect$$_printf_percent$$00000006)
    _printf_ll                               0x0800017b   Thumb Code     0  _printf_ll.o(.ARM.Collect$$_printf_percent$$00000007)
    _printf_i                                0x08000185   Thumb Code     0  _printf_i.o(.ARM.Collect$$_printf_percent$$00000008)
    _printf_d                                0x0800018f   Thumb Code     0  _printf_d.o(.ARM.Collect$$_printf_percent$$00000009)
    _printf_u                                0x08000199   Thumb Code     0  _printf_u.o(.ARM.Collect$$_printf_percent$$0000000A)
    _printf_o                                0x080001a3   Thumb Code     0  _printf_o.o(.ARM.Collect$$_printf_percent$$0000000B)
    _printf_x                                0x080001ad   Thumb Code     0  _printf_x.o(.ARM.Collect$$_printf_percent$$0000000C)
    _printf_lli                              0x080001b7   Thumb Code     0  _printf_lli.o(.ARM.Collect$$_printf_percent$$0000000D)
    _printf_lld                              0x080001c1   Thumb Code     0  _printf_lld.o(.ARM.Collect$$_printf_percent$$0000000E)
    _printf_llu                              0x080001cb   Thumb Code     0  _printf_llu.o(.ARM.Collect$$_printf_percent$$0000000F)
    _printf_llo                              0x080001d5   Thumb Code     0  _printf_llo.o(.ARM.Collect$$_printf_percent$$00000010)
    _printf_llx                              0x080001df   Thumb Code     0  _printf_llx.o(.ARM.Collect$$_printf_percent$$00000011)
    _printf_l                                0x080001e9   Thumb Code     0  _printf_l.o(.ARM.Collect$$_printf_percent$$00000012)
    _printf_c                                0x080001f3   Thumb Code     0  _printf_c.o(.ARM.Collect$$_printf_percent$$00000013)
    _printf_s                                0x080001fd   Thumb Code     0  _printf_s.o(.ARM.Collect$$_printf_percent$$00000014)
    _printf_lc                               0x08000207   Thumb Code     0  _printf_lc.o(.ARM.Collect$$_printf_percent$$00000015)
    _printf_ls                               0x08000211   Thumb Code     0  _printf_ls.o(.ARM.Collect$$_printf_percent$$00000016)
    _printf_percent_end                      0x0800021b   Thumb Code     0  _printf_percent_end.o(.ARM.Collect$$_printf_percent$$00000017)
    __rt_lib_init                            0x0800021f   Thumb Code     0  libinit.o(.ARM.Collect$$libinit$$00000000)
    __rt_lib_init_fp_1                       0x08000221   Thumb Code     0  libinit2.o(.ARM.Collect$$libinit$$00000002)
    __rt_lib_init_heap_1                     0x08000221   Thumb Code     0  libinit2.o(.ARM.Collect$$libinit$$0000000A)
    __rt_lib_init_lc_common                  0x08000221   Thumb Code     0  libinit2.o(.ARM.Collect$$libinit$$0000000F)
    __rt_lib_init_preinit_1                  0x08000221   Thumb Code     0  libinit2.o(.ARM.Collect$$libinit$$00000004)
    __rt_lib_init_rand_1                     0x08000221   Thumb Code     0  libinit2.o(.ARM.Collect$$libinit$$0000000E)
    __rt_lib_init_user_alloc_1               0x08000221   Thumb Code     0  libinit2.o(.ARM.Collect$$libinit$$0000000C)
    __rt_lib_init_lc_collate_1               0x08000227   Thumb Code     0  libinit2.o(.ARM.Collect$$libinit$$00000011)
    __rt_lib_init_lc_ctype_2                 0x08000227   Thumb Code     0  libinit2.o(.ARM.Collect$$libinit$$00000012)
    __rt_lib_init_lc_ctype_1                 0x08000233   Thumb Code     0  libinit2.o(.ARM.Collect$$libinit$$00000013)
    __rt_lib_init_lc_monetary_1              0x08000233   Thumb Code     0  libinit2.o(.ARM.Collect$$libinit$$00000015)
    __rt_lib_init_lc_numeric_2               0x08000233   Thumb Code     0  libinit2.o(.ARM.Collect$$libinit$$00000016)
    __rt_lib_init_alloca_1                   0x0800023d   Thumb Code     0  libinit2.o(.ARM.Collect$$libinit$$0000002E)
    __rt_lib_init_argv_1                     0x0800023d   Thumb Code     0  libinit2.o(.ARM.Collect$$libinit$$0000002C)
    __rt_lib_init_atexit_1                   0x0800023d   Thumb Code     0  libinit2.o(.ARM.Collect$$libinit$$0000001B)
    __rt_lib_init_clock_1                    0x0800023d   Thumb Code     0  libinit2.o(.ARM.Collect$$libinit$$00000021)
    __rt_lib_init_cpp_1                      0x0800023d   Thumb Code     0  libinit2.o(.ARM.Collect$$libinit$$00000032)
    __rt_lib_init_exceptions_1               0x0800023d   Thumb Code     0  libinit2.o(.ARM.Collect$$libinit$$00000030)
    __rt_lib_init_fp_trap_1                  0x0800023d   Thumb Code     0  libinit2.o(.ARM.Collect$$libinit$$0000001F)
    __rt_lib_init_getenv_1                   0x0800023d   Thumb Code     0  libinit2.o(.ARM.Collect$$libinit$$00000023)
    __rt_lib_init_lc_numeric_1               0x0800023d   Thumb Code     0  libinit2.o(.ARM.Collect$$libinit$$00000017)
    __rt_lib_init_lc_time_1                  0x0800023d   Thumb Code     0  libinit2.o(.ARM.Collect$$libinit$$00000019)
    __rt_lib_init_return                     0x0800023d   Thumb Code     0  libinit2.o(.ARM.Collect$$libinit$$00000033)
    __rt_lib_init_signal_1                   0x0800023d   Thumb Code     0  libinit2.o(.ARM.Collect$$libinit$$0000001D)
    __rt_lib_init_stdio_1                    0x0800023d   Thumb Code     0  libinit2.o(.ARM.Collect$$libinit$$00000025)
    __rt_lib_shutdown                        0x0800023f   Thumb Code     0  libshutdown.o(.ARM.Collect$$libshutdown$$00000000)
    __rt_lib_shutdown_fp_trap_1              0x08000241   Thumb Code     0  libshutdown2.o(.ARM.Collect$$libshutdown$$00000006)
    __rt_lib_shutdown_heap_1                 0x08000241   Thumb Code     0  libshutdown2.o(.ARM.Collect$$libshutdown$$0000000E)
    __rt_lib_shutdown_return                 0x08000241   Thumb Code     0  libshutdown2.o(.ARM.Collect$$libshutdown$$0000000F)
    __rt_lib_shutdown_signal_1               0x08000241   Thumb Code     0  libshutdown2.o(.ARM.Collect$$libshutdown$$00000009)
    __rt_lib_shutdown_stdio_1                0x08000241   Thumb Code     0  libshutdown2.o(.ARM.Collect$$libshutdown$$00000003)
    __rt_lib_shutdown_user_alloc_1           0x08000241   Thumb Code     0  libshutdown2.o(.ARM.Collect$$libshutdown$$0000000B)
    __rt_entry                               0x08000243   Thumb Code     0  __rtentry.o(.ARM.Collect$$rtentry$$00000000)
    __rt_entry_presh_1                       0x08000243   Thumb Code     0  __rtentry2.o(.ARM.Collect$$rtentry$$00000002)
    __rt_entry_sh                            0x08000243   Thumb Code     0  __rtentry4.o(.ARM.Collect$$rtentry$$00000004)
    __rt_entry_li                            0x08000249   Thumb Code     0  __rtentry2.o(.ARM.Collect$$rtentry$$0000000A)
    __rt_entry_postsh_1                      0x08000249   Thumb Code     0  __rtentry2.o(.ARM.Collect$$rtentry$$00000009)
    __rt_entry_main                          0x0800024d   Thumb Code     0  __rtentry2.o(.ARM.Collect$$rtentry$$0000000D)
    __rt_entry_postli_1                      0x0800024d   Thumb Code     0  __rtentry2.o(.ARM.Collect$$rtentry$$0000000C)
    __rt_exit                                0x08000255   Thumb Code     0  rtexit.o(.ARM.Collect$$rtexit$$00000000)
    __rt_exit_ls                             0x08000257   Thumb Code     0  rtexit2.o(.ARM.Collect$$rtexit$$00000003)
    __rt_exit_prels_1                        0x08000257   Thumb Code     0  rtexit2.o(.ARM.Collect$$rtexit$$00000002)
    __rt_exit_exit                           0x0800025b   Thumb Code     0  rtexit2.o(.ARM.Collect$$rtexit$$00000004)
    Reset_Handler                            0x08000261   Thumb Code     8  startup_stm32c011xx.o(.text)
    ADC1_IRQHandler                          0x08000273   Thumb Code     0  startup_stm32c011xx.o(.text)
    DMA1_Channel1_IRQHandler                 0x08000273   Thumb Code     0  startup_stm32c011xx.o(.text)
    DMA1_Channel2_3_IRQHandler               0x08000273   Thumb Code     0  startup_stm32c011xx.o(.text)
    DMAMUX1_IRQHandler                       0x08000273   Thumb Code     0  startup_stm32c011xx.o(.text)
    EXTI0_1_IRQHandler                       0x08000273   Thumb Code     0  startup_stm32c011xx.o(.text)
    EXTI2_3_IRQHandler                       0x08000273   Thumb Code     0  startup_stm32c011xx.o(.text)
    FLASH_IRQHandler                         0x08000273   Thumb Code     0  startup_stm32c011xx.o(.text)
    RCC_IRQHandler                           0x08000273   Thumb Code     0  startup_stm32c011xx.o(.text)
    RTC_IRQHandler                           0x08000273   Thumb Code     0  startup_stm32c011xx.o(.text)
    SPI1_IRQHandler                          0x08000273   Thumb Code     0  startup_stm32c011xx.o(.text)
    TIM16_IRQHandler                         0x08000273   Thumb Code     0  startup_stm32c011xx.o(.text)
    TIM17_IRQHandler                         0x08000273   Thumb Code     0  startup_stm32c011xx.o(.text)
    TIM1_BRK_UP_TRG_COM_IRQHandler           0x08000273   Thumb Code     0  startup_stm32c011xx.o(.text)
    TIM1_CC_IRQHandler                       0x08000273   Thumb Code     0  startup_stm32c011xx.o(.text)
    USART1_IRQHandler                        0x08000273   Thumb Code     0  startup_stm32c011xx.o(.text)
    USART2_IRQHandler                        0x08000273   Thumb Code     0  startup_stm32c011xx.o(.text)
    WWDG_IRQHandler                          0x08000273   Thumb Code     0  startup_stm32c011xx.o(.text)
    __user_initial_stackheap                 0x08000275   Thumb Code     0  startup_stm32c011xx.o(.text)
    vsprintf                                 0x08000299   Thumb Code    32  vsprintf.o(.text)
    __2sprintf                               0x080002bd   Thumb Code    40  __2sprintf.o(.text)
    _printf_int_dec                          0x080002e9   Thumb Code    90  _printf_dec.o(.text)
    __printf                                 0x08000355   Thumb Code   386  __printf_flags_ss_wp.o(.text)
    strlen                                   0x080004dd   Thumb Code    62  strlen.o(.text)
    _memset_w                                0x08000521   Thumb Code    26  rt_memclr.o(.text)
    _memset                                  0x0800053b   Thumb Code    30  rt_memclr.o(.text)
    __aeabi_memclr                           0x08000559   Thumb Code     4  rt_memclr.o(.text)
    __rt_memclr                              0x08000559   Thumb Code     0  rt_memclr.o(.text)
    __aeabi_memclr4                          0x0800055d   Thumb Code     0  rt_memclr.o(.text)
    __aeabi_memclr8                          0x0800055d   Thumb Code     0  rt_memclr.o(.text)
    __rt_memclr_w                            0x0800055d   Thumb Code     4  rt_memclr.o(.text)
    __aeabi_uidiv                            0x08000561   Thumb Code     0  aeabi_sdiv.o(.text)
    __aeabi_uidivmod                         0x08000561   Thumb Code    20  aeabi_sdiv.o(.text)
    __aeabi_idiv                             0x08000575   Thumb Code     0  aeabi_sdiv.o(.text)
    __aeabi_idivmod                          0x08000575   Thumb Code   326  aeabi_sdiv.o(.text)
    __use_two_region_memory                  0x080006bb   Thumb Code     2  heapauxi.o(.text)
    __rt_heap_escrow$2region                 0x080006bd   Thumb Code     2  heapauxi.o(.text)
    __rt_heap_expand$2region                 0x080006bf   Thumb Code     2  heapauxi.o(.text)
    _printf_pre_padding                      0x080006c1   Thumb Code    44  _printf_pad.o(.text)
    _printf_post_padding                     0x080006ed   Thumb Code    34  _printf_pad.o(.text)
    _printf_truncate_signed                  0x0800070f   Thumb Code    18  _printf_truncate.o(.text)
    _printf_truncate_unsigned                0x08000721   Thumb Code    18  _printf_truncate.o(.text)
    _printf_str                              0x08000733   Thumb Code    82  _printf_str.o(.text)
    _printf_int_common                       0x08000785   Thumb Code   176  _printf_intcommon.o(.text)
    _printf_charcount                        0x08000835   Thumb Code    38  _printf_charcount.o(.text)
    _printf_char_common                      0x08000867   Thumb Code    32  _printf_char_common.o(.text)
    _sputc                                   0x0800088d   Thumb Code    10  _sputc.o(.text)
    _printf_wctomb                           0x08000899   Thumb Code   182  _printf_wctomb.o(.text)
    _printf_longlong_dec                     0x08000955   Thumb Code    94  _printf_longlong_dec.o(.text)
    _printf_longlong_oct                     0x080009c5   Thumb Code    68  _printf_oct_int_ll.o(.text)
    _printf_int_oct                          0x08000a09   Thumb Code    24  _printf_oct_int_ll.o(.text)
    _printf_ll_oct                           0x08000a21   Thumb Code    10  _printf_oct_int_ll.o(.text)
    _printf_longlong_hex                     0x08000a35   Thumb Code    88  _printf_hex_int_ll_ptr.o(.text)
    _printf_int_hex                          0x08000a8d   Thumb Code    28  _printf_hex_int_ll_ptr.o(.text)
    _printf_ll_hex                           0x08000aa9   Thumb Code    10  _printf_hex_int_ll_ptr.o(.text)
    _printf_hex_ptr                          0x08000ab3   Thumb Code    22  _printf_hex_int_ll_ptr.o(.text)
    __rt_udiv10                              0x08000acd   Thumb Code    40  rtudiv10.o(.text)
    _ll_udiv10                               0x08000af5   Thumb Code   122  lludiv10.o(.text)
    __lib_sel_fp_printf                      0x08000b71   Thumb Code     2  _printf_fp_dec.o(.text)
    _printf_fp_dec_real                      0x08000d0b   Thumb Code   620  _printf_fp_dec.o(.text)
    _printf_fp_hex_real                      0x08000f85   Thumb Code   714  _printf_fp_hex.o(.text)
    _printf_cs_common                        0x08001259   Thumb Code    22  _printf_char.o(.text)
    _printf_char                             0x0800126f   Thumb Code    16  _printf_char.o(.text)
    _printf_string                           0x0800127f   Thumb Code     8  _printf_char.o(.text)
    _printf_lcs_common                       0x08001287   Thumb Code    22  _printf_wchar.o(.text)
    _printf_wchar                            0x0800129d   Thumb Code    16  _printf_wchar.o(.text)
    _printf_wstring                          0x080012ad   Thumb Code     8  _printf_wchar.o(.text)
    _wcrtomb                                 0x080012b5   Thumb Code    64  _wcrtomb.o(.text)
    __user_setup_stackheap                   0x080012f5   Thumb Code    62  sys_stackheap_outer.o(.text)
    __rt_ctype_table                         0x08001335   Thumb Code    16  rt_ctype_table.o(.text)
    __rt_locale                              0x08001345   Thumb Code     8  rt_locale_intlibspace.o(.text)
    _printf_fp_infnan                        0x0800134d   Thumb Code   120  _printf_fp_infnan.o(.text)
    _btod_etento                             0x080013d5   Thumb Code   196  bigflt0.o(.text)
    _btod_d2e                                0x0800149d   Thumb Code    64  btod.o(.text)
    _btod_emul                               0x08001893   Thumb Code    24  btod.o(.text)
    _btod_emuld                              0x080018ab   Thumb Code    60  btod.o(.text)
    _btod_ediv                               0x080018e7   Thumb Code    22  btod.o(.text)
    _btod_edivd                              0x080018fd   Thumb Code    60  btod.o(.text)
    exit                                     0x08001945   Thumb Code    12  exit.o(.text)
    __user_libspace                          0x08001951   Thumb Code     8  libspace.o(.text)
    __user_perproc_libspace                  0x08001951   Thumb Code     0  libspace.o(.text)
    __user_perthread_libspace                0x08001951   Thumb Code     0  libspace.o(.text)
    strcmp                                   0x08001959   Thumb Code   132  strcmp.o(.text)
    _sys_exit                                0x080019e1   Thumb Code     8  sys_exit.o(.text)
    __I$use$semihosting                      0x080019ed   Thumb Code     0  use_no_semi.o(.text)
    __use_no_semihosting_swi                 0x080019ed   Thumb Code     2  use_no_semi.o(.text)
    ADPowerDown                              0x080019ef   Thumb Code    34  ads1220.o(i.ADPowerDown)
    __semihosting_library_function           0x080019ef   Thumb Code     0  indicate_semi.o(.text)
    ADReset                                  0x08001a11   Thumb Code    34  ads1220.o(i.ADReset)
    ADS1220_Init                             0x08001a33   Thumb Code    58  ads1220.o(i.ADS1220_Init)
    ADStartConversion                        0x08001a6d   Thumb Code    34  ads1220.o(i.ADStartConversion)
    CofigAD                                  0x08001a91   Thumb Code    62  ads1220.o(i.CofigAD)
    EXTI4_15_IRQHandler                      0x08001ad5   Thumb Code    12  stm32c0xx_it.o(i.EXTI4_15_IRQHandler)
    Error_Handler                            0x08001ae1   Thumb Code     4  main.o(i.Error_Handler)
    FLASH_WaitForLastOperation               0x08001b29   Thumb Code    80  stm32c0xx_hal_flash.o(i.FLASH_WaitForLastOperation)
    Flash_OB_Handle                          0x08001b85   Thumb Code    54  main.o(i.Flash_OB_Handle)
    GetAD                                    0x08001bbd   Thumb Code    62  ads1220.o(i.GetAD)
    HAL_DMA_Abort_IT                         0x08001c01   Thumb Code   122  stm32c0xx_hal_dma.o(i.HAL_DMA_Abort_IT)
    HAL_DMA_GetState                         0x08001c81   Thumb Code     6  stm32c0xx_hal_dma.o(i.HAL_DMA_GetState)
    HAL_FLASHEx_OBGetConfig                  0x08001c89   Thumb Code   146  stm32c0xx_hal_flash_ex.o(i.HAL_FLASHEx_OBGetConfig)
    HAL_FLASHEx_OBProgram                    0x08001d29   Thumb Code   248  stm32c0xx_hal_flash_ex.o(i.HAL_FLASHEx_OBProgram)
    HAL_FLASH_Lock                           0x08001e35   Thumb Code    22  stm32c0xx_hal_flash.o(i.HAL_FLASH_Lock)
    HAL_FLASH_OB_Launch                      0x08001e51   Thumb Code    16  stm32c0xx_hal_flash.o(i.HAL_FLASH_OB_Launch)
    HAL_FLASH_OB_Lock                        0x08001e65   Thumb Code    22  stm32c0xx_hal_flash.o(i.HAL_FLASH_OB_Lock)
    HAL_FLASH_OB_Unlock                      0x08001e81   Thumb Code    28  stm32c0xx_hal_flash.o(i.HAL_FLASH_OB_Unlock)
    HAL_FLASH_Unlock                         0x08001ea9   Thumb Code    28  stm32c0xx_hal_flash.o(i.HAL_FLASH_Unlock)
    HAL_GPIO_EXTI_Falling_Callback           0x08001ed1   Thumb Code    38  iousart.o(i.HAL_GPIO_EXTI_Falling_Callback)
    HAL_GPIO_EXTI_IRQHandler                 0x08001f01   Thumb Code    36  stm32c0xx_hal_gpio.o(i.HAL_GPIO_EXTI_IRQHandler)
    HAL_GPIO_EXTI_Rising_Callback            0x08001f29   Thumb Code     2  stm32c0xx_hal_gpio.o(i.HAL_GPIO_EXTI_Rising_Callback)
    HAL_GPIO_Init                            0x08001f2d   Thumb Code   300  stm32c0xx_hal_gpio.o(i.HAL_GPIO_Init)
    HAL_GPIO_ReadPin                         0x08002069   Thumb Code    10  stm32c0xx_hal_gpio.o(i.HAL_GPIO_ReadPin)
    HAL_GPIO_WritePin                        0x08002073   Thumb Code    12  stm32c0xx_hal_gpio.o(i.HAL_GPIO_WritePin)
    HAL_GetTick                              0x08002081   Thumb Code     6  stm32c0xx_hal.o(i.HAL_GetTick)
    HAL_I2CEx_ConfigAnalogFilter             0x0800208d   Thumb Code    74  stm32c0xx_hal_i2c_ex.o(i.HAL_I2CEx_ConfigAnalogFilter)
    HAL_I2CEx_ConfigDigitalFilter            0x080020d7   Thumb Code    72  stm32c0xx_hal_i2c_ex.o(i.HAL_I2CEx_ConfigDigitalFilter)
    HAL_I2C_AbortCpltCallback                0x0800211f   Thumb Code     2  stm32c0xx_hal_i2c.o(i.HAL_I2C_AbortCpltCallback)
    HAL_I2C_AddrCallback                     0x08002121   Thumb Code    52  main.o(i.HAL_I2C_AddrCallback)
    HAL_I2C_ER_IRQHandler                    0x0800215d   Thumb Code    94  stm32c0xx_hal_i2c.o(i.HAL_I2C_ER_IRQHandler)
    HAL_I2C_EV_IRQHandler                    0x080021bb   Thumb Code    16  stm32c0xx_hal_i2c.o(i.HAL_I2C_EV_IRQHandler)
    HAL_I2C_EnableListen_IT                  0x080021cd   Thumb Code    36  stm32c0xx_hal_i2c.o(i.HAL_I2C_EnableListen_IT)
    HAL_I2C_ErrorCallback                    0x080021f5   Thumb Code     2  stm32c0xx_hal_i2c.o(i.HAL_I2C_ErrorCallback)
    HAL_I2C_Init                             0x080021f9   Thumb Code   182  stm32c0xx_hal_i2c.o(i.HAL_I2C_Init)
    HAL_I2C_ListenCpltCallback               0x080022b5   Thumb Code    26  main.o(i.HAL_I2C_ListenCpltCallback)
    HAL_I2C_MasterRxCpltCallback             0x080022d9   Thumb Code     2  stm32c0xx_hal_i2c.o(i.HAL_I2C_MasterRxCpltCallback)
    HAL_I2C_MasterTxCpltCallback             0x080022db   Thumb Code     2  stm32c0xx_hal_i2c.o(i.HAL_I2C_MasterTxCpltCallback)
    HAL_I2C_MemRxCpltCallback                0x080022dd   Thumb Code     2  stm32c0xx_hal_i2c.o(i.HAL_I2C_MemRxCpltCallback)
    HAL_I2C_MemTxCpltCallback                0x080022df   Thumb Code     2  stm32c0xx_hal_i2c.o(i.HAL_I2C_MemTxCpltCallback)
    HAL_I2C_MspInit                          0x080022e1   Thumb Code   128  stm32c0xx_hal_msp.o(i.HAL_I2C_MspInit)
    HAL_I2C_SlaveRxCpltCallback              0x0800236d   Thumb Code    48  main.o(i.HAL_I2C_SlaveRxCpltCallback)
    HAL_I2C_SlaveTxCpltCallback              0x080023a5   Thumb Code    36  main.o(i.HAL_I2C_SlaveTxCpltCallback)
    HAL_I2C_Slave_Seq_Receive_IT             0x080023d1   Thumb Code   200  stm32c0xx_hal_i2c.o(i.HAL_I2C_Slave_Seq_Receive_IT)
    HAL_I2C_Slave_Seq_Transmit_IT            0x080024a5   Thumb Code   204  stm32c0xx_hal_i2c.o(i.HAL_I2C_Slave_Seq_Transmit_IT)
    HAL_IncTick                              0x0800257d   Thumb Code    12  stm32c0xx_hal.o(i.HAL_IncTick)
    HAL_Init                                 0x0800258d   Thumb Code    26  stm32c0xx_hal.o(i.HAL_Init)
    HAL_InitTick                             0x080025a9   Thumb Code    64  stm32c0xx_hal.o(i.HAL_InitTick)
    HAL_MspInit                              0x080025f1   Thumb Code    38  stm32c0xx_hal_msp.o(i.HAL_MspInit)
    HAL_NVIC_EnableIRQ                       0x0800261d   Thumb Code    18  stm32c0xx_hal_cortex.o(i.HAL_NVIC_EnableIRQ)
    HAL_NVIC_SetPriority                     0x08002635   Thumb Code     8  stm32c0xx_hal_cortex.o(i.HAL_NVIC_SetPriority)
    HAL_RCCEx_PeriphCLKConfig                0x0800263d   Thumb Code   268  stm32c0xx_hal_rcc_ex.o(i.HAL_RCCEx_PeriphCLKConfig)
    HAL_RCC_ClockConfig                      0x08002751   Thumb Code   326  stm32c0xx_hal_rcc.o(i.HAL_RCC_ClockConfig)
    HAL_RCC_GetSysClockFreq                  0x080028b1   Thumb Code    80  stm32c0xx_hal_rcc.o(i.HAL_RCC_GetSysClockFreq)
    HAL_RCC_OscConfig                        0x0800290d   Thumb Code   552  stm32c0xx_hal_rcc.o(i.HAL_RCC_OscConfig)
    HAL_SYSTICK_Config                       0x08002b55   Thumb Code    38  stm32c0xx_hal_cortex.o(i.HAL_SYSTICK_Config)
    HAL_TIMEx_Break2Callback                 0x08002b85   Thumb Code     2  stm32c0xx_hal_tim_ex.o(i.HAL_TIMEx_Break2Callback)
    HAL_TIMEx_BreakCallback                  0x08002b87   Thumb Code     2  stm32c0xx_hal_tim_ex.o(i.HAL_TIMEx_BreakCallback)
    HAL_TIMEx_CommutCallback                 0x08002b89   Thumb Code     2  stm32c0xx_hal_tim_ex.o(i.HAL_TIMEx_CommutCallback)
    HAL_TIMEx_MasterConfigSynchronization    0x08002b8d   Thumb Code    88  stm32c0xx_hal_tim_ex.o(i.HAL_TIMEx_MasterConfigSynchronization)
    HAL_TIM_Base_Init                        0x08002bed   Thumb Code    76  stm32c0xx_hal_tim.o(i.HAL_TIM_Base_Init)
    HAL_TIM_Base_MspInit                     0x08002c39   Thumb Code   104  stm32c0xx_hal_msp.o(i.HAL_TIM_Base_MspInit)
    HAL_TIM_Base_Start_IT                    0x08002cb1   Thumb Code    68  stm32c0xx_hal_tim.o(i.HAL_TIM_Base_Start_IT)
    HAL_TIM_Base_Stop_IT                     0x08002d01   Thumb Code    46  stm32c0xx_hal_tim.o(i.HAL_TIM_Base_Stop_IT)
    HAL_TIM_ConfigClockSource                0x08002d35   Thumb Code   216  stm32c0xx_hal_tim.o(i.HAL_TIM_ConfigClockSource)
    HAL_TIM_IC_CaptureCallback               0x08002e11   Thumb Code     2  stm32c0xx_hal_tim.o(i.HAL_TIM_IC_CaptureCallback)
    HAL_TIM_IRQHandler                       0x08002e15   Thumb Code   316  stm32c0xx_hal_tim.o(i.HAL_TIM_IRQHandler)
    HAL_TIM_OC_DelayElapsedCallback          0x08002f55   Thumb Code     2  stm32c0xx_hal_tim.o(i.HAL_TIM_OC_DelayElapsedCallback)
    HAL_TIM_PWM_PulseFinishedCallback        0x08002f57   Thumb Code     2  stm32c0xx_hal_tim.o(i.HAL_TIM_PWM_PulseFinishedCallback)
    HAL_TIM_PeriodElapsedCallback            0x08002f59   Thumb Code   114  iousart.o(i.HAL_TIM_PeriodElapsedCallback)
    HAL_TIM_TriggerCallback                  0x08002fe5   Thumb Code     2  stm32c0xx_hal_tim.o(i.HAL_TIM_TriggerCallback)
    HardFault_Handler                        0x08002fe7   Thumb Code     2  stm32c0xx_it.o(i.HardFault_Handler)
    I2C1_IRQHandler                          0x08002fe9   Thumb Code    28  stm32c0xx_it.o(i.I2C1_IRQHandler)
    NMI_Handler                              0x08003c79   Thumb Code     2  stm32c0xx_it.o(i.NMI_Handler)
    PendSV_Handler                           0x08003c7b   Thumb Code     2  stm32c0xx_it.o(i.PendSV_Handler)
    Pressure_advance                         0x08003c7d   Thumb Code   112  main.o(i.Pressure_advance)
    ReadData                                 0x08003cf9   Thumb Code    60  ads1220.o(i.ReadData)
    ReadOneByte                              0x08003d35   Thumb Code    70  ads1220.o(i.ReadOneByte)
    ReadRegister                             0x08003d7b   Thumb Code    48  ads1220.o(i.ReadRegister)
    SVC_Handler                              0x08003dab   Thumb Code     2  stm32c0xx_it.o(i.SVC_Handler)
    SysTick_Handler                          0x08003dad   Thumb Code     8  stm32c0xx_it.o(i.SysTick_Handler)
    SystemClock_Config                       0x08003db5   Thumb Code    82  main.o(i.SystemClock_Config)
    SystemInit                               0x08003e09   Thumb Code    10  system_stm32c0xx.o(i.SystemInit)
    TIM14_IRQHandler                         0x08003e19   Thumb Code    10  stm32c0xx_it.o(i.TIM14_IRQHandler)
    TIM3_IRQHandler                          0x08003e29   Thumb Code    10  stm32c0xx_it.o(i.TIM3_IRQHandler)
    TIM_Base_SetConfig                       0x08003e39   Thumb Code   102  stm32c0xx_hal_tim.o(i.TIM_Base_SetConfig)
    TIM_ETR_SetConfig                        0x08003eb5   Thumb Code    22  stm32c0xx_hal_tim.o(i.TIM_ETR_SetConfig)
    USART2_printf                            0x08003f29   Thumb Code    56  main.o(i.USART2_printf)
    WriteOneByte                             0x08003f69   Thumb Code    62  ads1220.o(i.WriteOneByte)
    WriteRegister                            0x08003fa7   Thumb Code    72  ads1220.o(i.WriteRegister)
    __ARM_common_ll_muluu                    0x08003fef   Thumb Code    48  btod.o(i.__ARM_common_ll_muluu)
    __ARM_common_switch8                     0x0800401f   Thumb Code    26  ads1220.o(i.__ARM_common_switch8)
    __ARM_fpclassify                         0x08004039   Thumb Code    40  fpclassify.o(i.__ARM_fpclassify)
    _is_digit                                0x080040a9   Thumb Code    14  __printf_wp.o(i._is_digit)
    find_normal                              0x080040b9   Thumb Code   140  pa.o(i.find_normal)
    find_normal_endstop                      0x08004149   Thumb Code   184  main.o(i.find_normal_endstop)
    get_ix                                   0x08004211   Thumb Code    12  main.o(i.get_ix)
    get_low_value                            0x0800421d   Thumb Code   780  pa.o(i.get_low_value)
    has_plus                                 0x0800454d   Thumb Code   104  pa.o(i.has_plus)
    iouart1_RXD                              0x080045b9   Thumb Code    16  iousart.o(i.iouart1_RXD)
    iouart1_SendByte                         0x080045c9   Thumb Code    66  iousart.o(i.iouart1_SendByte)
    iouart1_TXD                              0x0800460b   Thumb Code    28  iousart.o(i.iouart1_TXD)
    iouart1_delayUs                          0x08004629   Thumb Code    48  iousart.o(i.iouart1_delayUs)
    main                                     0x08004661   Thumb Code   300  main.o(i.main)
    process_cmd                              0x080047dd   Thumb Code   190  main.o(i.process_cmd)
    process_triggered                        0x080048d5   Thumb Code   148  main.o(i.process_triggered)
    set_open                                 0x08004975   Thumb Code    62  main.o(i.set_open)
    set_trigered                             0x080049c5   Thumb Code    86  main.o(i.set_trigered)
    _get_lc_numeric                          0x08004a31   Thumb Code    44  lc_numeric_c.o(locale$$code)
    _get_lc_ctype                            0x08004a5d   Thumb Code    44  lc_ctype_c.o(locale$$code)
    _printf_fp_dec                           0x08004a89   Thumb Code    16  printf1.o(x$fpl$printf1)
    _printf_fp_hex                           0x08004a99   Thumb Code    16  printf2.o(x$fpl$printf2)
    AHBPrescTable                            0x08004aa8   Data          64  system_stm32c0xx.o(.constdata)
    __I$use$fp                               0x08004aa8   Number         0  usenofp.o(x$fpl$usenofp)
    Region$$Table$$Base                      0x08004be8   Number         0  anon$$obj.o(Region$$Table)
    Region$$Table$$Limit                     0x08004c08   Number         0  anon$$obj.o(Region$$Table)
    __ctype                                  0x08004c31   Data           0  lc_ctype_c.o(locale$$data)
    recvData                                 0x20000000   Data           1  iousart.o(.data)
    recvStat                                 0x20000001   Data           1  iousart.o(.data)
    PolarFlag                                0x20000002   Data           1  ads1220.o(.data)
    Init_Config                              0x20000003   Data           4  ads1220.o(.data)
    status_clk_old                           0x20000008   Data           1  main.o(.data)
    pa_list                                  0x20000009   Data           1  main.o(.data)
    offset                                   0x2000000b   Data           1  main.o(.data)
    r_index                                  0x2000000c   Data           4  main.o(.data)
    re_index                                 0x20000010   Data           4  main.o(.data)
    re_end                                   0x20000014   Data           4  main.o(.data)
    normal_z                                 0x20000018   Data           4  main.o(.data)
    tim14_n                                  0x2000001c   Data           4  main.o(.data)
    end_z                                    0x20000020   Data           4  main.o(.data)
    edge                                     0x20000024   Data           4  main.o(.data)
    ram_i2c                                  0x20000028   Data           4  main.o(.data)
    threshold                                0x2000002c   Data           4  pa.o(.data)
    normal                                   0x20000030   Data           4  pa.o(.data)
    low_count                                0x20000034   Data           4  pa.o(.data)
    H_left                                   0x20000038   Data           4  pa.o(.data)
    L_left                                   0x2000003c   Data           4  pa.o(.data)
    H_right                                  0x20000040   Data           4  pa.o(.data)
    L_right                                  0x20000044   Data           4  pa.o(.data)
    H_left_value                             0x20000048   Data           4  pa.o(.data)
    L_left_value                             0x2000004c   Data           4  pa.o(.data)
    H_right_value                            0x20000050   Data           4  pa.o(.data)
    L_right_value                            0x20000054   Data           4  pa.o(.data)
    k_left                                   0x20000058   Data           4  pa.o(.data)
    k_right                                  0x2000005c   Data           4  pa.o(.data)
    i                                        0x20000060   Data           4  pa.o(.data)
    uwTickFreq                               0x20000064   Data           1  stm32c0xx_hal.o(.data)
    uwTickPrio                               0x20000068   Data           4  stm32c0xx_hal.o(.data)
    uwTick                                   0x2000006c   Data           4  stm32c0xx_hal.o(.data)
    SystemCoreClock                          0x20000070   Data           4  system_stm32c0xx.o(.data)
    hi2c1                                    0x20000074   Data          84  main.o(.bss)
    htim1                                    0x200000c8   Data          76  main.o(.bss)
    htim3                                    0x20000114   Data          76  main.o(.bss)
    htim14                                   0x20000160   Data          76  main.o(.bss)
    usart_txBuff                             0x200001ac   Data         128  main.o(.bss)
    R_CMD                                    0x2000022c   Data          54  main.o(.bss)
    raw_dat                                  0x20000264   Data        3072  main.o(.bss)
    pa_result                                0x20000e64   Data         128  main.o(.bss)
    rxData                                   0x20000ee4   Data          64  main.o(.bss)
    low_data                                 0x20000f24   Data         512  pa.o(.bss)
    pFlash                                   0x20001124   Data          24  stm32c0xx_hal_flash.o(.bss)
    __libspace_start                         0x2000113c   Data          96  libspace.o(.bss)
    __temporary_stack_top$libspace           0x2000119c   Data           0  libspace.o(.bss)



==============================================================================

Memory Map of the image

  Image Entry point : 0x080000c1

  Load Region LR_IROM1 (Base: 0x08000000, Size: 0x00004da8, Max: 0x00008000, ABSOLUTE)

    Execution Region ER_IROM1 (Exec base: 0x08000000, Load base: 0x08000000, Size: 0x00004d34, Max: 0x00008000, ABSOLUTE)

    Exec Addr    Load Addr    Size         Type   Attr      Idx    E Section Name        Object

    0x08000000   0x08000000   0x000000c0   Data   RO            3    RESET               startup_stm32c011xx.o
    0x080000c0   0x080000c0   0x00000008   Code   RO         3332  * !!!main             c_p.l(__main.o)
    0x080000c8   0x080000c8   0x0000003c   Code   RO         3622    !!!scatter          c_p.l(__scatter.o)
    0x08000104   0x08000104   0x0000001a   Code   RO         3624    !!handler_copy      c_p.l(__scatter_copy.o)
    0x0800011e   0x0800011e   0x00000002   PAD
    0x08000120   0x08000120   0x0000001c   Code   RO         3626    !!handler_zi        c_p.l(__scatter_zi.o)
    0x0800013c   0x0800013c   0x00000002   Code   RO         3321    .ARM.Collect$$_printf_percent$$00000000  c_p.l(_printf_percent.o)
    0x0800013e   0x0800013e   0x0000000a   Code   RO         3387    .ARM.Collect$$_printf_percent$$00000001  c_p.l(_printf_n.o)
    0x08000148   0x08000148   0x0000000a   Code   RO         3389    .ARM.Collect$$_printf_percent$$00000002  c_p.l(_printf_p.o)
    0x08000152   0x08000152   0x0000000a   Code   RO         3393    .ARM.Collect$$_printf_percent$$00000003  c_p.l(_printf_f.o)
    0x0800015c   0x0800015c   0x0000000a   Code   RO         3394    .ARM.Collect$$_printf_percent$$00000004  c_p.l(_printf_e.o)
    0x08000166   0x08000166   0x0000000a   Code   RO         3395    .ARM.Collect$$_printf_percent$$00000005  c_p.l(_printf_g.o)
    0x08000170   0x08000170   0x0000000a   Code   RO         3396    .ARM.Collect$$_printf_percent$$00000006  c_p.l(_printf_a.o)
    0x0800017a   0x0800017a   0x0000000a   Code   RO         3401    .ARM.Collect$$_printf_percent$$00000007  c_p.l(_printf_ll.o)
    0x08000184   0x08000184   0x0000000a   Code   RO         3391    .ARM.Collect$$_printf_percent$$00000008  c_p.l(_printf_i.o)
    0x0800018e   0x0800018e   0x0000000a   Code   RO         3320    .ARM.Collect$$_printf_percent$$00000009  c_p.l(_printf_d.o)
    0x08000198   0x08000198   0x0000000a   Code   RO         3392    .ARM.Collect$$_printf_percent$$0000000A  c_p.l(_printf_u.o)
    0x080001a2   0x080001a2   0x0000000a   Code   RO         3390    .ARM.Collect$$_printf_percent$$0000000B  c_p.l(_printf_o.o)
    0x080001ac   0x080001ac   0x0000000a   Code   RO         3388    .ARM.Collect$$_printf_percent$$0000000C  c_p.l(_printf_x.o)
    0x080001b6   0x080001b6   0x0000000a   Code   RO         3398    .ARM.Collect$$_printf_percent$$0000000D  c_p.l(_printf_lli.o)
    0x080001c0   0x080001c0   0x0000000a   Code   RO         3399    .ARM.Collect$$_printf_percent$$0000000E  c_p.l(_printf_lld.o)
    0x080001ca   0x080001ca   0x0000000a   Code   RO         3400    .ARM.Collect$$_printf_percent$$0000000F  c_p.l(_printf_llu.o)
    0x080001d4   0x080001d4   0x0000000a   Code   RO         3405    .ARM.Collect$$_printf_percent$$00000010  c_p.l(_printf_llo.o)
    0x080001de   0x080001de   0x0000000a   Code   RO         3406    .ARM.Collect$$_printf_percent$$00000011  c_p.l(_printf_llx.o)
    0x080001e8   0x080001e8   0x0000000a   Code   RO         3402    .ARM.Collect$$_printf_percent$$00000012  c_p.l(_printf_l.o)
    0x080001f2   0x080001f2   0x0000000a   Code   RO         3385    .ARM.Collect$$_printf_percent$$00000013  c_p.l(_printf_c.o)
    0x080001fc   0x080001fc   0x0000000a   Code   RO         3386    .ARM.Collect$$_printf_percent$$00000014  c_p.l(_printf_s.o)
    0x08000206   0x08000206   0x0000000a   Code   RO         3403    .ARM.Collect$$_printf_percent$$00000015  c_p.l(_printf_lc.o)
    0x08000210   0x08000210   0x0000000a   Code   RO         3404    .ARM.Collect$$_printf_percent$$00000016  c_p.l(_printf_ls.o)
    0x0800021a   0x0800021a   0x00000004   Code   RO         3397    .ARM.Collect$$_printf_percent$$00000017  c_p.l(_printf_percent_end.o)
    0x0800021e   0x0800021e   0x00000002   Code   RO         3482    .ARM.Collect$$libinit$$00000000  c_p.l(libinit.o)
    0x08000220   0x08000220   0x00000000   Code   RO         3506    .ARM.Collect$$libinit$$00000002  c_p.l(libinit2.o)
    0x08000220   0x08000220   0x00000000   Code   RO         3508    .ARM.Collect$$libinit$$00000004  c_p.l(libinit2.o)
    0x08000220   0x08000220   0x00000000   Code   RO         3511    .ARM.Collect$$libinit$$0000000A  c_p.l(libinit2.o)
    0x08000220   0x08000220   0x00000000   Code   RO         3513    .ARM.Collect$$libinit$$0000000C  c_p.l(libinit2.o)
    0x08000220   0x08000220   0x00000000   Code   RO         3515    .ARM.Collect$$libinit$$0000000E  c_p.l(libinit2.o)
    0x08000220   0x08000220   0x00000006   Code   RO         3516    .ARM.Collect$$libinit$$0000000F  c_p.l(libinit2.o)
    0x08000226   0x08000226   0x00000000   Code   RO         3518    .ARM.Collect$$libinit$$00000011  c_p.l(libinit2.o)
    0x08000226   0x08000226   0x0000000c   Code   RO         3519    .ARM.Collect$$libinit$$00000012  c_p.l(libinit2.o)
    0x08000232   0x08000232   0x00000000   Code   RO         3520    .ARM.Collect$$libinit$$00000013  c_p.l(libinit2.o)
    0x08000232   0x08000232   0x00000000   Code   RO         3522    .ARM.Collect$$libinit$$00000015  c_p.l(libinit2.o)
    0x08000232   0x08000232   0x0000000a   Code   RO         3523    .ARM.Collect$$libinit$$00000016  c_p.l(libinit2.o)
    0x0800023c   0x0800023c   0x00000000   Code   RO         3524    .ARM.Collect$$libinit$$00000017  c_p.l(libinit2.o)
    0x0800023c   0x0800023c   0x00000000   Code   RO         3526    .ARM.Collect$$libinit$$00000019  c_p.l(libinit2.o)
    0x0800023c   0x0800023c   0x00000000   Code   RO         3528    .ARM.Collect$$libinit$$0000001B  c_p.l(libinit2.o)
    0x0800023c   0x0800023c   0x00000000   Code   RO         3530    .ARM.Collect$$libinit$$0000001D  c_p.l(libinit2.o)
    0x0800023c   0x0800023c   0x00000000   Code   RO         3532    .ARM.Collect$$libinit$$0000001F  c_p.l(libinit2.o)
    0x0800023c   0x0800023c   0x00000000   Code   RO         3534    .ARM.Collect$$libinit$$00000021  c_p.l(libinit2.o)
    0x0800023c   0x0800023c   0x00000000   Code   RO         3536    .ARM.Collect$$libinit$$00000023  c_p.l(libinit2.o)
    0x0800023c   0x0800023c   0x00000000   Code   RO         3538    .ARM.Collect$$libinit$$00000025  c_p.l(libinit2.o)
    0x0800023c   0x0800023c   0x00000000   Code   RO         3542    .ARM.Collect$$libinit$$0000002C  c_p.l(libinit2.o)
    0x0800023c   0x0800023c   0x00000000   Code   RO         3544    .ARM.Collect$$libinit$$0000002E  c_p.l(libinit2.o)
    0x0800023c   0x0800023c   0x00000000   Code   RO         3546    .ARM.Collect$$libinit$$00000030  c_p.l(libinit2.o)
    0x0800023c   0x0800023c   0x00000000   Code   RO         3548    .ARM.Collect$$libinit$$00000032  c_p.l(libinit2.o)
    0x0800023c   0x0800023c   0x00000002   Code   RO         3549    .ARM.Collect$$libinit$$00000033  c_p.l(libinit2.o)
    0x0800023e   0x0800023e   0x00000002   Code   RO         3580    .ARM.Collect$$libshutdown$$00000000  c_p.l(libshutdown.o)
    0x08000240   0x08000240   0x00000000   Code   RO         3607    .ARM.Collect$$libshutdown$$00000003  c_p.l(libshutdown2.o)
    0x08000240   0x08000240   0x00000000   Code   RO         3610    .ARM.Collect$$libshutdown$$00000006  c_p.l(libshutdown2.o)
    0x08000240   0x08000240   0x00000000   Code   RO         3613    .ARM.Collect$$libshutdown$$00000009  c_p.l(libshutdown2.o)
    0x08000240   0x08000240   0x00000000   Code   RO         3615    .ARM.Collect$$libshutdown$$0000000B  c_p.l(libshutdown2.o)
    0x08000240   0x08000240   0x00000000   Code   RO         3618    .ARM.Collect$$libshutdown$$0000000E  c_p.l(libshutdown2.o)
    0x08000240   0x08000240   0x00000002   Code   RO         3619    .ARM.Collect$$libshutdown$$0000000F  c_p.l(libshutdown2.o)
    0x08000242   0x08000242   0x00000000   Code   RO         3334    .ARM.Collect$$rtentry$$00000000  c_p.l(__rtentry.o)
    0x08000242   0x08000242   0x00000000   Code   RO         3418    .ARM.Collect$$rtentry$$00000002  c_p.l(__rtentry2.o)
    0x08000242   0x08000242   0x00000006   Code   RO         3430    .ARM.Collect$$rtentry$$00000004  c_p.l(__rtentry4.o)
    0x08000248   0x08000248   0x00000000   Code   RO         3420    .ARM.Collect$$rtentry$$00000009  c_p.l(__rtentry2.o)
    0x08000248   0x08000248   0x00000004   Code   RO         3421    .ARM.Collect$$rtentry$$0000000A  c_p.l(__rtentry2.o)
    0x0800024c   0x0800024c   0x00000000   Code   RO         3423    .ARM.Collect$$rtentry$$0000000C  c_p.l(__rtentry2.o)
    0x0800024c   0x0800024c   0x00000008   Code   RO         3424    .ARM.Collect$$rtentry$$0000000D  c_p.l(__rtentry2.o)
    0x08000254   0x08000254   0x00000002   Code   RO         3492    .ARM.Collect$$rtexit$$00000000  c_p.l(rtexit.o)
    0x08000256   0x08000256   0x00000000   Code   RO         3553    .ARM.Collect$$rtexit$$00000002  c_p.l(rtexit2.o)
    0x08000256   0x08000256   0x00000004   Code   RO         3554    .ARM.Collect$$rtexit$$00000003  c_p.l(rtexit2.o)
    0x0800025a   0x0800025a   0x00000006   Code   RO         3555    .ARM.Collect$$rtexit$$00000004  c_p.l(rtexit2.o)
    0x08000260   0x08000260   0x00000038   Code   RO            4    .text               startup_stm32c011xx.o
    0x08000298   0x08000298   0x00000024   Code   RO         3290    .text               c_p.l(vsprintf.o)
    0x080002bc   0x080002bc   0x0000002c   Code   RO         3292    .text               c_p.l(__2sprintf.o)
    0x080002e8   0x080002e8   0x0000006c   Code   RO         3298    .text               c_p.l(_printf_dec.o)
    0x08000354   0x08000354   0x00000188   Code   RO         3317    .text               c_p.l(__printf_flags_ss_wp.o)
    0x080004dc   0x080004dc   0x00000044   Code   RO         3322    .text               c_p.l(strlen.o)
    0x08000520   0x08000520   0x00000040   Code   RO         3324    .text               c_p.l(rt_memclr.o)
    0x08000560   0x08000560   0x0000015a   Code   RO         3326    .text               c_p.l(aeabi_sdiv.o)
    0x080006ba   0x080006ba   0x00000006   Code   RO         3330    .text               c_p.l(heapauxi.o)
    0x080006c0   0x080006c0   0x0000004e   Code   RO         3339    .text               c_p.l(_printf_pad.o)
    0x0800070e   0x0800070e   0x00000024   Code   RO         3341    .text               c_p.l(_printf_truncate.o)
    0x08000732   0x08000732   0x00000052   Code   RO         3343    .text               c_p.l(_printf_str.o)
    0x08000784   0x08000784   0x000000b0   Code   RO         3345    .text               c_p.l(_printf_intcommon.o)
    0x08000834   0x08000834   0x00000026   Code   RO         3347    .text               c_p.l(_printf_charcount.o)
    0x0800085a   0x0800085a   0x00000002   PAD
    0x0800085c   0x0800085c   0x00000030   Code   RO         3349    .text               c_p.l(_printf_char_common.o)
    0x0800088c   0x0800088c   0x0000000a   Code   RO         3351    .text               c_p.l(_sputc.o)
    0x08000896   0x08000896   0x00000002   PAD
    0x08000898   0x08000898   0x000000bc   Code   RO         3353    .text               c_p.l(_printf_wctomb.o)
    0x08000954   0x08000954   0x00000070   Code   RO         3356    .text               c_p.l(_printf_longlong_dec.o)
    0x080009c4   0x080009c4   0x00000070   Code   RO         3362    .text               c_p.l(_printf_oct_int_ll.o)
    0x08000a34   0x08000a34   0x00000098   Code   RO         3382    .text               c_p.l(_printf_hex_int_ll_ptr.o)
    0x08000acc   0x08000acc   0x00000028   Code   RO         3407    .text               c_p.l(rtudiv10.o)
    0x08000af4   0x08000af4   0x0000007a   Code   RO         3434    .text               c_p.l(lludiv10.o)
    0x08000b6e   0x08000b6e   0x00000002   PAD
    0x08000b70   0x08000b70   0x00000414   Code   RO         3436    .text               c_p.l(_printf_fp_dec.o)
    0x08000f84   0x08000f84   0x000002d4   Code   RO         3438    .text               c_p.l(_printf_fp_hex.o)
    0x08001258   0x08001258   0x0000002e   Code   RO         3443    .text               c_p.l(_printf_char.o)
    0x08001286   0x08001286   0x0000002e   Code   RO         3445    .text               c_p.l(_printf_wchar.o)
    0x080012b4   0x080012b4   0x00000040   Code   RO         3447    .text               c_p.l(_wcrtomb.o)
    0x080012f4   0x080012f4   0x0000003e   Code   RO         3449    .text               c_p.l(sys_stackheap_outer.o)
    0x08001332   0x08001332   0x00000002   PAD
    0x08001334   0x08001334   0x00000010   Code   RO         3452    .text               c_p.l(rt_ctype_table.o)
    0x08001344   0x08001344   0x00000008   Code   RO         3457    .text               c_p.l(rt_locale_intlibspace.o)
    0x0800134c   0x0800134c   0x00000088   Code   RO         3459    .text               c_p.l(_printf_fp_infnan.o)
    0x080013d4   0x080013d4   0x000000c8   Code   RO         3461    .text               c_p.l(bigflt0.o)
    0x0800149c   0x0800149c   0x000004a8   Code   RO         3464    .text               c_p.l(btod.o)
    0x08001944   0x08001944   0x0000000c   Code   RO         3471    .text               c_p.l(exit.o)
    0x08001950   0x08001950   0x00000008   Code   RO         3488    .text               c_p.l(libspace.o)
    0x08001958   0x08001958   0x00000088   Code   RO         3503    .text               c_p.l(strcmp.o)
    0x080019e0   0x080019e0   0x0000000c   Code   RO         3550    .text               c_p.l(sys_exit.o)
    0x080019ec   0x080019ec   0x00000002   Code   RO         3569    .text               c_p.l(use_no_semi.o)
    0x080019ee   0x080019ee   0x00000000   Code   RO         3571    .text               c_p.l(indicate_semi.o)
    0x080019ee   0x080019ee   0x00000022   Code   RO          174    i.ADPowerDown       ads1220.o
    0x08001a10   0x08001a10   0x00000022   Code   RO          175    i.ADReset           ads1220.o
    0x08001a32   0x08001a32   0x0000003a   Code   RO          176    i.ADS1220_Init      ads1220.o
    0x08001a6c   0x08001a6c   0x00000022   Code   RO          177    i.ADStartConversion  ads1220.o
    0x08001a8e   0x08001a8e   0x00000002   PAD
    0x08001a90   0x08001a90   0x00000044   Code   RO          178    i.CofigAD           ads1220.o
    0x08001ad4   0x08001ad4   0x0000000c   Code   RO          430    i.EXTI4_15_IRQHandler  stm32c0xx_it.o
    0x08001ae0   0x08001ae0   0x00000004   Code   RO          267    i.Error_Handler     main.o
    0x08001ae4   0x08001ae4   0x00000018   Code   RO         1176    i.FLASH_OB_GetRDP   stm32c0xx_hal_flash_ex.o
    0x08001afc   0x08001afc   0x00000014   Code   RO         1177    i.FLASH_OB_GetUser  stm32c0xx_hal_flash_ex.o
    0x08001b10   0x08001b10   0x00000018   Code   RO         1178    i.FLASH_OB_OptrConfig  stm32c0xx_hal_flash_ex.o
    0x08001b28   0x08001b28   0x0000005c   Code   RO         1071    i.FLASH_WaitForLastOperation  stm32c0xx_hal_flash.o
    0x08001b84   0x08001b84   0x00000036   Code   RO          268    i.Flash_OB_Handle   main.o
    0x08001bba   0x08001bba   0x00000002   PAD
    0x08001bbc   0x08001bbc   0x00000044   Code   RO          179    i.GetAD             ads1220.o
    0x08001c00   0x08001c00   0x00000080   Code   RO         1352    i.HAL_DMA_Abort_IT  stm32c0xx_hal_dma.o
    0x08001c80   0x08001c80   0x00000006   Code   RO         1355    i.HAL_DMA_GetState  stm32c0xx_hal_dma.o
    0x08001c86   0x08001c86   0x00000002   PAD
    0x08001c88   0x08001c88   0x000000a0   Code   RO         1187    i.HAL_FLASHEx_OBGetConfig  stm32c0xx_hal_flash_ex.o
    0x08001d28   0x08001d28   0x0000010c   Code   RO         1188    i.HAL_FLASHEx_OBProgram  stm32c0xx_hal_flash_ex.o
    0x08001e34   0x08001e34   0x0000001c   Code   RO         1075    i.HAL_FLASH_Lock    stm32c0xx_hal_flash.o
    0x08001e50   0x08001e50   0x00000014   Code   RO         1076    i.HAL_FLASH_OB_Launch  stm32c0xx_hal_flash.o
    0x08001e64   0x08001e64   0x0000001c   Code   RO         1077    i.HAL_FLASH_OB_Lock  stm32c0xx_hal_flash.o
    0x08001e80   0x08001e80   0x00000028   Code   RO         1078    i.HAL_FLASH_OB_Unlock  stm32c0xx_hal_flash.o
    0x08001ea8   0x08001ea8   0x00000028   Code   RO         1082    i.HAL_FLASH_Unlock  stm32c0xx_hal_flash.o
    0x08001ed0   0x08001ed0   0x00000030   Code   RO           12    i.HAL_GPIO_EXTI_Falling_Callback  iousart.o
    0x08001f00   0x08001f00   0x00000028   Code   RO         1276    i.HAL_GPIO_EXTI_IRQHandler  stm32c0xx_hal_gpio.o
    0x08001f28   0x08001f28   0x00000002   Code   RO         1277    i.HAL_GPIO_EXTI_Rising_Callback  stm32c0xx_hal_gpio.o
    0x08001f2a   0x08001f2a   0x00000002   PAD
    0x08001f2c   0x08001f2c   0x0000013c   Code   RO         1278    i.HAL_GPIO_Init     stm32c0xx_hal_gpio.o
    0x08002068   0x08002068   0x0000000a   Code   RO         1280    i.HAL_GPIO_ReadPin  stm32c0xx_hal_gpio.o
    0x08002072   0x08002072   0x0000000c   Code   RO         1283    i.HAL_GPIO_WritePin  stm32c0xx_hal_gpio.o
    0x0800207e   0x0800207e   0x00000002   PAD
    0x08002080   0x08002080   0x0000000c   Code   RO          618    i.HAL_GetTick       stm32c0xx_hal.o
    0x0800208c   0x0800208c   0x0000004a   Code   RO         2195    i.HAL_I2CEx_ConfigAnalogFilter  stm32c0xx_hal_i2c_ex.o
    0x080020d6   0x080020d6   0x00000048   Code   RO         2196    i.HAL_I2CEx_ConfigDigitalFilter  stm32c0xx_hal_i2c_ex.o
    0x0800211e   0x0800211e   0x00000002   Code   RO         1727    i.HAL_I2C_AbortCpltCallback  stm32c0xx_hal_i2c.o
    0x08002120   0x08002120   0x0000003c   Code   RO          269    i.HAL_I2C_AddrCallback  main.o
    0x0800215c   0x0800215c   0x0000005e   Code   RO         1731    i.HAL_I2C_ER_IRQHandler  stm32c0xx_hal_i2c.o
    0x080021ba   0x080021ba   0x00000010   Code   RO         1732    i.HAL_I2C_EV_IRQHandler  stm32c0xx_hal_i2c.o
    0x080021ca   0x080021ca   0x00000002   PAD
    0x080021cc   0x080021cc   0x00000028   Code   RO         1733    i.HAL_I2C_EnableListen_IT  stm32c0xx_hal_i2c.o
    0x080021f4   0x080021f4   0x00000002   Code   RO         1734    i.HAL_I2C_ErrorCallback  stm32c0xx_hal_i2c.o
    0x080021f6   0x080021f6   0x00000002   PAD
    0x080021f8   0x080021f8   0x000000bc   Code   RO         1738    i.HAL_I2C_Init      stm32c0xx_hal_i2c.o
    0x080022b4   0x080022b4   0x00000024   Code   RO          270    i.HAL_I2C_ListenCpltCallback  main.o
    0x080022d8   0x080022d8   0x00000002   Code   RO         1741    i.HAL_I2C_MasterRxCpltCallback  stm32c0xx_hal_i2c.o
    0x080022da   0x080022da   0x00000002   Code   RO         1742    i.HAL_I2C_MasterTxCpltCallback  stm32c0xx_hal_i2c.o
    0x080022dc   0x080022dc   0x00000002   Code   RO         1754    i.HAL_I2C_MemRxCpltCallback  stm32c0xx_hal_i2c.o
    0x080022de   0x080022de   0x00000002   Code   RO         1755    i.HAL_I2C_MemTxCpltCallback  stm32c0xx_hal_i2c.o
    0x080022e0   0x080022e0   0x0000008c   Code   RO          503    i.HAL_I2C_MspInit   stm32c0xx_hal_msp.o
    0x0800236c   0x0800236c   0x00000038   Code   RO          271    i.HAL_I2C_SlaveRxCpltCallback  main.o
    0x080023a4   0x080023a4   0x0000002c   Code   RO          272    i.HAL_I2C_SlaveTxCpltCallback  main.o
    0x080023d0   0x080023d0   0x000000d4   Code   RO         1770    i.HAL_I2C_Slave_Seq_Receive_IT  stm32c0xx_hal_i2c.o
    0x080024a4   0x080024a4   0x000000d8   Code   RO         1772    i.HAL_I2C_Slave_Seq_Transmit_IT  stm32c0xx_hal_i2c.o
    0x0800257c   0x0800257c   0x00000010   Code   RO          624    i.HAL_IncTick       stm32c0xx_hal.o
    0x0800258c   0x0800258c   0x0000001a   Code   RO          625    i.HAL_Init          stm32c0xx_hal.o
    0x080025a6   0x080025a6   0x00000002   PAD
    0x080025a8   0x080025a8   0x00000048   Code   RO          626    i.HAL_InitTick      stm32c0xx_hal.o
    0x080025f0   0x080025f0   0x0000002c   Code   RO          504    i.HAL_MspInit       stm32c0xx_hal_msp.o
    0x0800261c   0x0800261c   0x00000018   Code   RO          811    i.HAL_NVIC_EnableIRQ  stm32c0xx_hal_cortex.o
    0x08002634   0x08002634   0x00000008   Code   RO          815    i.HAL_NVIC_SetPriority  stm32c0xx_hal_cortex.o
    0x0800263c   0x0800263c   0x00000114   Code   RO         1029    i.HAL_RCCEx_PeriphCLKConfig  stm32c0xx_hal_rcc_ex.o
    0x08002750   0x08002750   0x00000160   Code   RO          919    i.HAL_RCC_ClockConfig  stm32c0xx_hal_rcc.o
    0x080028b0   0x080028b0   0x0000005c   Code   RO          928    i.HAL_RCC_GetSysClockFreq  stm32c0xx_hal_rcc.o
    0x0800290c   0x0800290c   0x00000248   Code   RO          932    i.HAL_RCC_OscConfig  stm32c0xx_hal_rcc.o
    0x08002b54   0x08002b54   0x00000030   Code   RO          819    i.HAL_SYSTICK_Config  stm32c0xx_hal_cortex.o
    0x08002b84   0x08002b84   0x00000002   Code   RO         2957    i.HAL_TIMEx_Break2Callback  stm32c0xx_hal_tim_ex.o
    0x08002b86   0x08002b86   0x00000002   Code   RO         2958    i.HAL_TIMEx_BreakCallback  stm32c0xx_hal_tim_ex.o
    0x08002b88   0x08002b88   0x00000002   Code   RO         2959    i.HAL_TIMEx_CommutCallback  stm32c0xx_hal_tim_ex.o
    0x08002b8a   0x08002b8a   0x00000002   PAD
    0x08002b8c   0x08002b8c   0x00000060   Code   RO         2980    i.HAL_TIMEx_MasterConfigSynchronization  stm32c0xx_hal_tim_ex.o
    0x08002bec   0x08002bec   0x0000004c   Code   RO         2247    i.HAL_TIM_Base_Init  stm32c0xx_hal_tim.o
    0x08002c38   0x08002c38   0x00000078   Code   RO          506    i.HAL_TIM_Base_MspInit  stm32c0xx_hal_msp.o
    0x08002cb0   0x08002cb0   0x00000050   Code   RO         2252    i.HAL_TIM_Base_Start_IT  stm32c0xx_hal_tim.o
    0x08002d00   0x08002d00   0x00000034   Code   RO         2255    i.HAL_TIM_Base_Stop_IT  stm32c0xx_hal_tim.o
    0x08002d34   0x08002d34   0x000000dc   Code   RO         2256    i.HAL_TIM_ConfigClockSource  stm32c0xx_hal_tim.o
    0x08002e10   0x08002e10   0x00000002   Code   RO         2281    i.HAL_TIM_IC_CaptureCallback  stm32c0xx_hal_tim.o
    0x08002e12   0x08002e12   0x00000002   PAD
    0x08002e14   0x08002e14   0x00000140   Code   RO         2295    i.HAL_TIM_IRQHandler  stm32c0xx_hal_tim.o
    0x08002f54   0x08002f54   0x00000002   Code   RO         2298    i.HAL_TIM_OC_DelayElapsedCallback  stm32c0xx_hal_tim.o
    0x08002f56   0x08002f56   0x00000002   Code   RO         2325    i.HAL_TIM_PWM_PulseFinishedCallback  stm32c0xx_hal_tim.o
    0x08002f58   0x08002f58   0x0000008c   Code   RO           13    i.HAL_TIM_PeriodElapsedCallback  iousart.o
    0x08002fe4   0x08002fe4   0x00000002   Code   RO         2338    i.HAL_TIM_TriggerCallback  stm32c0xx_hal_tim.o
    0x08002fe6   0x08002fe6   0x00000002   Code   RO          431    i.HardFault_Handler  stm32c0xx_it.o
    0x08002fe8   0x08002fe8   0x00000020   Code   RO          432    i.I2C1_IRQHandler   stm32c0xx_it.o
    0x08003008   0x08003008   0x0000001c   Code   RO         1777    i.I2C_DMAAbort      stm32c0xx_hal_i2c.o
    0x08003024   0x08003024   0x00000052   Code   RO         1783    i.I2C_Disable_IRQ   stm32c0xx_hal_i2c.o
    0x08003076   0x08003076   0x00000002   PAD
    0x08003078   0x08003078   0x00000078   Code   RO         1784    i.I2C_Enable_IRQ    stm32c0xx_hal_i2c.o
    0x080030f0   0x080030f0   0x00000022   Code   RO         1785    i.I2C_Flush_TXDR    stm32c0xx_hal_i2c.o
    0x08003112   0x08003112   0x0000007c   Code   RO         1786    i.I2C_ITAddrCplt    stm32c0xx_hal_i2c.o
    0x0800318e   0x0800318e   0x00000002   PAD
    0x08003190   0x08003190   0x00000114   Code   RO         1787    i.I2C_ITError       stm32c0xx_hal_i2c.o
    0x080032a4   0x080032a4   0x00000064   Code   RO         1788    i.I2C_ITListenCplt  stm32c0xx_hal_i2c.o
    0x08003308   0x08003308   0x000000d8   Code   RO         1789    i.I2C_ITMasterCplt  stm32c0xx_hal_i2c.o
    0x080033e0   0x080033e0   0x00000046   Code   RO         1790    i.I2C_ITMasterSeqCplt  stm32c0xx_hal_i2c.o
    0x08003426   0x08003426   0x00000002   PAD
    0x08003428   0x08003428   0x0000014c   Code   RO         1791    i.I2C_ITSlaveCplt   stm32c0xx_hal_i2c.o
    0x08003574   0x08003574   0x0000006a   Code   RO         1792    i.I2C_ITSlaveSeqCplt  stm32c0xx_hal_i2c.o
    0x080035de   0x080035de   0x00000002   PAD
    0x080035e0   0x080035e0   0x0000010c   Code   RO         1794    i.I2C_Master_ISR_DMA  stm32c0xx_hal_i2c.o
    0x080036ec   0x080036ec   0x00000128   Code   RO         1796    i.I2C_Mem_ISR_DMA   stm32c0xx_hal_i2c.o
    0x08003814   0x08003814   0x00000112   Code   RO         1800    i.I2C_Slave_ISR_DMA  stm32c0xx_hal_i2c.o
    0x08003926   0x08003926   0x00000002   PAD
    0x08003928   0x08003928   0x00000130   Code   RO         1801    i.I2C_Slave_ISR_IT  stm32c0xx_hal_i2c.o
    0x08003a58   0x08003a58   0x0000002c   Code   RO         1802    i.I2C_TransferConfig  stm32c0xx_hal_i2c.o
    0x08003a84   0x08003a84   0x00000026   Code   RO         1803    i.I2C_TreatErrorCallback  stm32c0xx_hal_i2c.o
    0x08003aaa   0x08003aaa   0x00000002   PAD
    0x08003aac   0x08003aac   0x00000090   Code   RO          273    i.MX_GPIO_Init      main.o
    0x08003b3c   0x08003b3c   0x0000005c   Code   RO          274    i.MX_I2C1_Init      main.o
    0x08003b98   0x08003b98   0x00000074   Code   RO          275    i.MX_TIM1_Init      main.o
    0x08003c0c   0x08003c0c   0x0000006c   Code   RO          276    i.MX_TIM3_Init      main.o
    0x08003c78   0x08003c78   0x00000002   Code   RO          433    i.NMI_Handler       stm32c0xx_it.o
    0x08003c7a   0x08003c7a   0x00000002   Code   RO          434    i.PendSV_Handler    stm32c0xx_it.o
    0x08003c7c   0x08003c7c   0x0000007c   Code   RO          277    i.Pressure_advance  main.o
    0x08003cf8   0x08003cf8   0x0000003c   Code   RO          180    i.ReadData          ads1220.o
    0x08003d34   0x08003d34   0x00000046   Code   RO          181    i.ReadOneByte       ads1220.o
    0x08003d7a   0x08003d7a   0x00000030   Code   RO          182    i.ReadRegister      ads1220.o
    0x08003daa   0x08003daa   0x00000002   Code   RO          435    i.SVC_Handler       stm32c0xx_it.o
    0x08003dac   0x08003dac   0x00000008   Code   RO          436    i.SysTick_Handler   stm32c0xx_it.o
    0x08003db4   0x08003db4   0x00000052   Code   RO          278    i.SystemClock_Config  main.o
    0x08003e06   0x08003e06   0x00000002   PAD
    0x08003e08   0x08003e08   0x00000010   Code   RO         3257    i.SystemInit        system_stm32c0xx.o
    0x08003e18   0x08003e18   0x00000010   Code   RO          437    i.TIM14_IRQHandler  stm32c0xx_it.o
    0x08003e28   0x08003e28   0x00000010   Code   RO          438    i.TIM3_IRQHandler   stm32c0xx_it.o
    0x08003e38   0x08003e38   0x0000007c   Code   RO         2340    i.TIM_Base_SetConfig  stm32c0xx_hal_tim.o
    0x08003eb4   0x08003eb4   0x00000016   Code   RO         2351    i.TIM_ETR_SetConfig  stm32c0xx_hal_tim.o
    0x08003eca   0x08003eca   0x00000002   PAD
    0x08003ecc   0x08003ecc   0x00000014   Code   RO         2352    i.TIM_ITRx_SetConfig  stm32c0xx_hal_tim.o
    0x08003ee0   0x08003ee0   0x00000022   Code   RO         2360    i.TIM_TI1_ConfigInputStage  stm32c0xx_hal_tim.o
    0x08003f02   0x08003f02   0x00000026   Code   RO         2362    i.TIM_TI2_ConfigInputStage  stm32c0xx_hal_tim.o
    0x08003f28   0x08003f28   0x00000040   Code   RO          279    i.USART2_printf     main.o
    0x08003f68   0x08003f68   0x0000003e   Code   RO          183    i.WriteOneByte      ads1220.o
    0x08003fa6   0x08003fa6   0x00000048   Code   RO          184    i.WriteRegister     ads1220.o
    0x08003fee   0x08003fee   0x00000030   Code   RO         3466    i.__ARM_common_ll_muluu  c_p.l(btod.o)
    0x0800401e   0x0800401e   0x0000001a   Code   RO          253    i.__ARM_common_switch8  ads1220.o
    0x08004038   0x08004038   0x0000002c   Code   RO         3486    i.__ARM_fpclassify  m_ps.l(fpclassify.o)
    0x08004064   0x08004064   0x00000044   Code   RO          821    i.__NVIC_SetPriority  stm32c0xx_hal_cortex.o
    0x080040a8   0x080040a8   0x0000000e   Code   RO         3310    i._is_digit         c_p.l(__printf_wp.o)
    0x080040b6   0x080040b6   0x00000002   PAD
    0x080040b8   0x080040b8   0x00000090   Code   RO          546    i.find_normal       pa.o
    0x08004148   0x08004148   0x000000c8   Code   RO          280    i.find_normal_endstop  main.o
    0x08004210   0x08004210   0x0000000c   Code   RO          281    i.get_ix            main.o
    0x0800421c   0x0800421c   0x00000330   Code   RO          547    i.get_low_value     pa.o
    0x0800454c   0x0800454c   0x0000006c   Code   RO          548    i.has_plus          pa.o
    0x080045b8   0x080045b8   0x00000010   Code   RO           14    i.iouart1_RXD       iousart.o
    0x080045c8   0x080045c8   0x00000042   Code   RO           15    i.iouart1_SendByte  iousart.o
    0x0800460a   0x0800460a   0x0000001c   Code   RO           16    i.iouart1_TXD       iousart.o
    0x08004626   0x08004626   0x00000002   PAD
    0x08004628   0x08004628   0x00000038   Code   RO           17    i.iouart1_delayUs   iousart.o
    0x08004660   0x08004660   0x0000017c   Code   RO          282    i.main              main.o
    0x080047dc   0x080047dc   0x000000f8   Code   RO          283    i.process_cmd       main.o
    0x080048d4   0x080048d4   0x000000a0   Code   RO          284    i.process_triggered  main.o
    0x08004974   0x08004974   0x00000050   Code   RO          285    i.set_open          main.o
    0x080049c4   0x080049c4   0x0000006c   Code   RO          286    i.set_trigered      main.o
    0x08004a30   0x08004a30   0x0000002c   Code   RO         3469    locale$$code        c_p.l(lc_numeric_c.o)
    0x08004a5c   0x08004a5c   0x0000002c   Code   RO         3497    locale$$code        c_p.l(lc_ctype_c.o)
    0x08004a88   0x08004a88   0x00000010   Code   RO         3409    x$fpl$printf1       fz_ps.l(printf1.o)
    0x08004a98   0x08004a98   0x00000010   Code   RO         3411    x$fpl$printf2       fz_ps.l(printf2.o)
    0x08004aa8   0x08004aa8   0x00000000   Code   RO         3485    x$fpl$usenofp       fz_ps.l(usenofp.o)
    0x08004aa8   0x08004aa8   0x00000040   Data   RO         3258    .constdata          system_stm32c0xx.o
    0x08004ae8   0x08004ae8   0x00000011   Data   RO         3318    .constdata          c_p.l(__printf_flags_ss_wp.o)
    0x08004af9   0x08004af9   0x00000003   PAD
    0x08004afc   0x08004afc   0x00000008   Data   RO         3354    .constdata          c_p.l(_printf_wctomb.o)
    0x08004b04   0x08004b04   0x00000028   Data   RO         3383    .constdata          c_p.l(_printf_hex_int_ll_ptr.o)
    0x08004b2c   0x08004b2c   0x00000026   Data   RO         3439    .constdata          c_p.l(_printf_fp_hex.o)
    0x08004b52   0x08004b52   0x00000002   PAD
    0x08004b54   0x08004b54   0x00000094   Data   RO         3462    .constdata          c_p.l(bigflt0.o)
    0x08004be8   0x08004be8   0x00000020   Data   RO         3620    Region$$Table       anon$$obj.o
    0x08004c08   0x08004c08   0x0000001c   Data   RO         3468    locale$$data        c_p.l(lc_numeric_c.o)
    0x08004c24   0x08004c24   0x00000110   Data   RO         3496    locale$$data        c_p.l(lc_ctype_c.o)


    Execution Region RW_IRAM1 (Exec base: 0x20000000, Load base: 0x08004d34, Size: 0x000017a0, Max: 0x00001800, ABSOLUTE)

    Exec Addr    Load Addr    Size         Type   Attr      Idx    E Section Name        Object

    0x20000000   0x08004d34   0x00000002   Data   RW           18    .data               iousart.o
    0x20000002   0x08004d36   0x00000005   Data   RW          185    .data               ads1220.o
    0x20000007   0x08004d3b   0x00000001   PAD
    0x20000008   0x08004d3c   0x00000024   Data   RW          289    .data               main.o
    0x2000002c   0x08004d60   0x00000038   Data   RW          552    .data               pa.o
    0x20000064   0x08004d98   0x0000000c   Data   RW          638    .data               stm32c0xx_hal.o
    0x20000070   0x08004da4   0x00000004   Data   RW         3260    .data               system_stm32c0xx.o
    0x20000074        -       0x00000eb0   Zero   RW          288    .bss                main.o
    0x20000f24        -       0x00000200   Zero   RW          549    .bss                pa.o
    0x20001124        -       0x00000018   Zero   RW         1083    .bss                stm32c0xx_hal_flash.o
    0x2000113c        -       0x00000060   Zero   RW         3489    .bss                c_p.l(libspace.o)
    0x2000119c   0x08004da8   0x00000004   PAD
    0x200011a0        -       0x00000200   Zero   RW            2    HEAP                startup_stm32c011xx.o
    0x200013a0        -       0x00000400   Zero   RW            1    STACK               startup_stm32c011xx.o


==============================================================================

Image component sizes


      Code (inc. data)   RO Data    RW Data    ZI Data      Debug   Object Name

       634         20          0          5          0       6920   ads1220.o
       354         44          0          2          0     356580   iousart.o
      2172        312          0         36       3760      13933   main.o
      1068         44          0         56        512       4175   pa.o
        56         26        192          0       1536        636   startup_stm32c011xx.o
       126         18          0         12          0      14669   stm32c0xx_hal.o
       148         24          0          0          0      11921   stm32c0xx_hal_cortex.o
       134          6          0          0          0       1630   stm32c0xx_hal_dma.o
       248         52          0          0         24      12954   stm32c0xx_hal_flash.o
       496         54          0          0          0       4840   stm32c0xx_hal_flash_ex.o
       380         20          0          0          0       3722   stm32c0xx_hal_gpio.o
      3490        124          0          0          0      21906   stm32c0xx_hal_i2c.o
       146          0          0          0          0       1791   stm32c0xx_hal_i2c_ex.o
       304         34          0          0          0       2203   stm32c0xx_hal_msp.o
      1028         70          0          0          0       3874   stm32c0xx_hal_rcc.o
       276          8          0          0          0       1468   stm32c0xx_hal_rcc_ex.o
       994         52          0          0          0       9620   stm32c0xx_hal_tim.o
       102          8          0          0          0       2904   stm32c0xx_hal_tim_ex.o
        92         16          0          0          0       3968   stm32c0xx_it.o
        16          6         64          4          0       1135   system_stm32c0xx.o

    ----------------------------------------------------------------------
     12302        938        288        116       5832     480849   Object Totals
         0          0         32          0          0          0   (incl. Generated)
        38          0          0          1          0          0   (incl. Padding)

    ----------------------------------------------------------------------

      Code (inc. data)   RO Data    RW Data    ZI Data      Debug   Library Member Name

        44          4          0          0          0         84   __2sprintf.o
         8          0          0          0          0         68   __main.o
       392          6         17          0          0         76   __printf_flags_ss_wp.o
        14          0          0          0          0         60   __printf_wp.o
         0          0          0          0          0          0   __rtentry.o
        12          0          0          0          0          0   __rtentry2.o
         6          0          0          0          0          0   __rtentry4.o
        60          8          0          0          0          0   __scatter.o
        26          0          0          0          0          0   __scatter_copy.o
        28          0          0          0          0          0   __scatter_zi.o
        10          0          0          0          0          0   _printf_a.o
        10          0          0          0          0          0   _printf_c.o
        46          0          0          0          0        100   _printf_char.o
        48          6          0          0          0         88   _printf_char_common.o
        38          0          0          0          0         60   _printf_charcount.o
        10          0          0          0          0          0   _printf_d.o
       108         18          0          0          0         76   _printf_dec.o
        10          0          0          0          0          0   _printf_e.o
        10          0          0          0          0          0   _printf_f.o
      1044         14          0          0          0        176   _printf_fp_dec.o
       724         10         38          0          0         84   _printf_fp_hex.o
       136         16          0          0          0         76   _printf_fp_infnan.o
        10          0          0          0          0          0   _printf_g.o
       152          4         40          0          0        148   _printf_hex_int_ll_ptr.o
        10          0          0          0          0          0   _printf_i.o
       176          0          0          0          0         84   _printf_intcommon.o
        10          0          0          0          0          0   _printf_l.o
        10          0          0          0          0          0   _printf_lc.o
        10          0          0          0          0          0   _printf_ll.o
        10          0          0          0          0          0   _printf_lld.o
        10          0          0          0          0          0   _printf_lli.o
        10          0          0          0          0          0   _printf_llo.o
        10          0          0          0          0          0   _printf_llu.o
        10          0          0          0          0          0   _printf_llx.o
       112         18          0          0          0         76   _printf_longlong_dec.o
        10          0          0          0          0          0   _printf_ls.o
        10          0          0          0          0          0   _printf_n.o
        10          0          0          0          0          0   _printf_o.o
       112         10          0          0          0        112   _printf_oct_int_ll.o
        10          0          0          0          0          0   _printf_p.o
        78          0          0          0          0        100   _printf_pad.o
         2          0          0          0          0          0   _printf_percent.o
         4          0          0          0          0          0   _printf_percent_end.o
        10          0          0          0          0          0   _printf_s.o
        82          0          0          0          0         72   _printf_str.o
        36          0          0          0          0         76   _printf_truncate.o
        10          0          0          0          0          0   _printf_u.o
        46          0          0          0          0        100   _printf_wchar.o
       188          6          8          0          0         80   _printf_wctomb.o
        10          0          0          0          0          0   _printf_x.o
        10          0          0          0          0         60   _sputc.o
        64          0          0          0          0         72   _wcrtomb.o
       346          0          0          0          0         92   aeabi_sdiv.o
       200          4        148          0          0         80   bigflt0.o
      1240         12          0          0          0        316   btod.o
        12          0          0          0          0         64   exit.o
         6          0          0          0          0        136   heapauxi.o
         0          0          0          0          0          0   indicate_semi.o
        44         10        272          0          0         76   lc_ctype_c.o
        44         10         28          0          0         76   lc_numeric_c.o
         2          0          0          0          0          0   libinit.o
        30          0          0          0          0          0   libinit2.o
         2          0          0          0          0          0   libshutdown.o
         2          0          0          0          0          0   libshutdown2.o
         8          4          0          0         96         68   libspace.o
       122          0          0          0          0         72   lludiv10.o
        16          4          0          0          0         76   rt_ctype_table.o
         8          4          0          0          0         68   rt_locale_intlibspace.o
        64          0          0          0          0        108   rt_memclr.o
         2          0          0          0          0          0   rtexit.o
        10          0          0          0          0          0   rtexit2.o
        40          0          0          0          0         60   rtudiv10.o
       136          4          0          0          0         72   strcmp.o
        68          6          0          0          0         72   strlen.o
        12          4          0          0          0         60   sys_exit.o
        62          0          0          0          0         80   sys_stackheap_outer.o
         2          0          0          0          0         68   use_no_semi.o
        36          4          0          0          0         68   vsprintf.o
        16          4          0          0          0         76   printf1.o
        16          4          0          0          0         76   printf2.o
         0          0          0          0          0          0   usenofp.o
        44          4          0          0          0         60   fpclassify.o

    ----------------------------------------------------------------------
      6618        198        556          0        100       3852   Library Totals
        12          0          5          0          4          0   (incl. Padding)

    ----------------------------------------------------------------------

      Code (inc. data)   RO Data    RW Data    ZI Data      Debug   Library Name

      6530        186        551          0         96       3640   c_p.l
        32          8          0          0          0        152   fz_ps.l
        44          4          0          0          0         60   m_ps.l

    ----------------------------------------------------------------------
      6618        198        556          0        100       3852   Library Totals

    ----------------------------------------------------------------------

==============================================================================


      Code (inc. data)   RO Data    RW Data    ZI Data      Debug   

     18920       1136        844        116       5932     477161   Grand Totals
     18920       1136        844        116       5932     477161   ELF Image Totals
     18920       1136        844        116          0          0   ROM Totals

==============================================================================

    Total RO  Size (Code + RO Data)                19764 (  19.30kB)
    Total RW  Size (RW Data + ZI Data)              6048 (   5.91kB)
    Total ROM Size (Code + RO Data + RW Data)      19880 (  19.41kB)

==============================================================================

